<!doctype html public "-//w3c//dtd html 4.0 transitional//en">
<html><head>
<title>Static Call Graph - [.\Objects\S32K144.axf]</title></head>
<body><HR>
<H1>Static Call Graph for image .\Objects\S32K144.axf</H1><HR>
<BR><P>#&#060CALLGRAPH&#062# ARM Linker, 5060750: Last Updated: Fri Dec 03 09:46:16 2021
<BR><P>
<H3>Maximum Stack Usage =         32 bytes + Unknown(Cycles, Untraceable Function Pointers)</H3><H3>
Call chain for Maximum Stack Depth:</H3>
__rt_entry_main &rArr; main &rArr; CANSendData
<P>
<H3>
Mutually Recursive functions
</H3> <LI><a href="#[6]">NMI_Handler</a>&nbsp;&nbsp;&nbsp;&rArr;&nbsp;&nbsp;&nbsp;<a href="#[6]">NMI_Handler</a><BR>
 <LI><a href="#[7]">HardFault_Handler</a>&nbsp;&nbsp;&nbsp;&rArr;&nbsp;&nbsp;&nbsp;<a href="#[7]">HardFault_Handler</a><BR>
 <LI><a href="#[8]">MemManage_Handler</a>&nbsp;&nbsp;&nbsp;&rArr;&nbsp;&nbsp;&nbsp;<a href="#[8]">MemManage_Handler</a><BR>
 <LI><a href="#[9]">BusFault_Handler</a>&nbsp;&nbsp;&nbsp;&rArr;&nbsp;&nbsp;&nbsp;<a href="#[9]">BusFault_Handler</a><BR>
 <LI><a href="#[a]">UsageFault_Handler</a>&nbsp;&nbsp;&nbsp;&rArr;&nbsp;&nbsp;&nbsp;<a href="#[a]">UsageFault_Handler</a><BR>
 <LI><a href="#[b]">SVC_Handler</a>&nbsp;&nbsp;&nbsp;&rArr;&nbsp;&nbsp;&nbsp;<a href="#[b]">SVC_Handler</a><BR>
 <LI><a href="#[c]">DebugMon_Handler</a>&nbsp;&nbsp;&nbsp;&rArr;&nbsp;&nbsp;&nbsp;<a href="#[c]">DebugMon_Handler</a><BR>
 <LI><a href="#[d]">PendSV_Handler</a>&nbsp;&nbsp;&nbsp;&rArr;&nbsp;&nbsp;&nbsp;<a href="#[d]">PendSV_Handler</a><BR>
 <LI><a href="#[e]">SysTick_Handler</a>&nbsp;&nbsp;&nbsp;&rArr;&nbsp;&nbsp;&nbsp;<a href="#[e]">SysTick_Handler</a><BR>
</UL>
<P>
<H3>
Function Pointers
</H3><UL>
 <LI><a href="#[36]">ADC0_IRQHandler</a> from startup_s32k144.o(.text) referenced from startup_s32k144.o(RESET)
 <LI><a href="#[37]">ADC1_IRQHandler</a> from startup_s32k144.o(.text) referenced from startup_s32k144.o(RESET)
 <LI><a href="#[9]">BusFault_Handler</a> from startup_s32k144.o(.text) referenced from startup_s32k144.o(RESET)
 <LI><a href="#[5e]">CAN0_Error_IRQHandler</a> from startup_s32k144.o(.text) referenced from startup_s32k144.o(RESET)
 <LI><a href="#[60]">CAN0_ORed_0_15_MB_IRQHandler</a> from startup_s32k144.o(.text) referenced from startup_s32k144.o(RESET)
 <LI><a href="#[61]">CAN0_ORed_16_31_MB_IRQHandler</a> from startup_s32k144.o(.text) referenced from startup_s32k144.o(RESET)
 <LI><a href="#[5d]">CAN0_ORed_IRQHandler</a> from startup_s32k144.o(.text) referenced from startup_s32k144.o(RESET)
 <LI><a href="#[5f]">CAN0_Wake_Up_IRQHandler</a> from startup_s32k144.o(.text) referenced from startup_s32k144.o(RESET)
 <LI><a href="#[65]">CAN1_Error_IRQHandler</a> from startup_s32k144.o(.text) referenced from startup_s32k144.o(RESET)
 <LI><a href="#[67]">CAN1_ORed_0_15_MB_IRQHandler</a> from startup_s32k144.o(.text) referenced from startup_s32k144.o(RESET)
 <LI><a href="#[64]">CAN1_ORed_IRQHandler</a> from startup_s32k144.o(.text) referenced from startup_s32k144.o(RESET)
 <LI><a href="#[6c]">CAN2_Error_IRQHandler</a> from startup_s32k144.o(.text) referenced from startup_s32k144.o(RESET)
 <LI><a href="#[6e]">CAN2_ORed_0_15_MB_IRQHandler</a> from startup_s32k144.o(.text) referenced from startup_s32k144.o(RESET)
 <LI><a href="#[6b]">CAN2_ORed_IRQHandler</a> from startup_s32k144.o(.text) referenced from startup_s32k144.o(RESET)
 <LI><a href="#[38]">CMP0_IRQHandler</a> from startup_s32k144.o(.text) referenced from startup_s32k144.o(RESET)
 <LI><a href="#[f]">DMA0_IRQHandler</a> from startup_s32k144.o(.text) referenced from startup_s32k144.o(RESET)
 <LI><a href="#[19]">DMA10_IRQHandler</a> from startup_s32k144.o(.text) referenced from startup_s32k144.o(RESET)
 <LI><a href="#[1a]">DMA11_IRQHandler</a> from startup_s32k144.o(.text) referenced from startup_s32k144.o(RESET)
 <LI><a href="#[1b]">DMA12_IRQHandler</a> from startup_s32k144.o(.text) referenced from startup_s32k144.o(RESET)
 <LI><a href="#[1c]">DMA13_IRQHandler</a> from startup_s32k144.o(.text) referenced from startup_s32k144.o(RESET)
 <LI><a href="#[1d]">DMA14_IRQHandler</a> from startup_s32k144.o(.text) referenced from startup_s32k144.o(RESET)
 <LI><a href="#[1e]">DMA15_IRQHandler</a> from startup_s32k144.o(.text) referenced from startup_s32k144.o(RESET)
 <LI><a href="#[10]">DMA1_IRQHandler</a> from startup_s32k144.o(.text) referenced from startup_s32k144.o(RESET)
 <LI><a href="#[11]">DMA2_IRQHandler</a> from startup_s32k144.o(.text) referenced from startup_s32k144.o(RESET)
 <LI><a href="#[12]">DMA3_IRQHandler</a> from startup_s32k144.o(.text) referenced from startup_s32k144.o(RESET)
 <LI><a href="#[13]">DMA4_IRQHandler</a> from startup_s32k144.o(.text) referenced from startup_s32k144.o(RESET)
 <LI><a href="#[14]">DMA5_IRQHandler</a> from startup_s32k144.o(.text) referenced from startup_s32k144.o(RESET)
 <LI><a href="#[15]">DMA6_IRQHandler</a> from startup_s32k144.o(.text) referenced from startup_s32k144.o(RESET)
 <LI><a href="#[16]">DMA7_IRQHandler</a> from startup_s32k144.o(.text) referenced from startup_s32k144.o(RESET)
 <LI><a href="#[17]">DMA8_IRQHandler</a> from startup_s32k144.o(.text) referenced from startup_s32k144.o(RESET)
 <LI><a href="#[18]">DMA9_IRQHandler</a> from startup_s32k144.o(.text) referenced from startup_s32k144.o(RESET)
 <LI><a href="#[1f]">DMA_Error_IRQHandler</a> from startup_s32k144.o(.text) referenced from startup_s32k144.o(RESET)
 <LI><a href="#[c]">DebugMon_Handler</a> from startup_s32k144.o(.text) referenced from startup_s32k144.o(RESET)
 <LI><a href="#[8a]">DefaultISR</a> from startup_s32k144.o(.text) referenced 116 times from startup_s32k144.o(RESET)
 <LI><a href="#[3c]">ERM_double_fault_IRQHandler</a> from startup_s32k144.o(.text) referenced from startup_s32k144.o(RESET)
 <LI><a href="#[3b]">ERM_single_fault_IRQHandler</a> from startup_s32k144.o(.text) referenced from startup_s32k144.o(RESET)
 <LI><a href="#[54]">FLEXIO_IRQHandler</a> from startup_s32k144.o(.text) referenced from startup_s32k144.o(RESET)
 <LI><a href="#[24]">FTFC_Fault_IRQHandler</a> from startup_s32k144.o(.text) referenced from startup_s32k144.o(RESET)
 <LI><a href="#[21]">FTFC_IRQHandler</a> from startup_s32k144.o(.text) referenced from startup_s32k144.o(RESET)
 <LI><a href="#[72]">FTM0_Ch0_Ch1_IRQHandler</a> from startup_s32k144.o(.text) referenced from startup_s32k144.o(RESET)
 <LI><a href="#[73]">FTM0_Ch2_Ch3_IRQHandler</a> from startup_s32k144.o(.text) referenced from startup_s32k144.o(RESET)
 <LI><a href="#[74]">FTM0_Ch4_Ch5_IRQHandler</a> from startup_s32k144.o(.text) referenced from startup_s32k144.o(RESET)
 <LI><a href="#[75]">FTM0_Ch6_Ch7_IRQHandler</a> from startup_s32k144.o(.text) referenced from startup_s32k144.o(RESET)
 <LI><a href="#[76]">FTM0_Fault_IRQHandler</a> from startup_s32k144.o(.text) referenced from startup_s32k144.o(RESET)
 <LI><a href="#[77]">FTM0_Ovf_Reload_IRQHandler</a> from startup_s32k144.o(.text) referenced from startup_s32k144.o(RESET)
 <LI><a href="#[78]">FTM1_Ch0_Ch1_IRQHandler</a> from startup_s32k144.o(.text) referenced from startup_s32k144.o(RESET)
 <LI><a href="#[79]">FTM1_Ch2_Ch3_IRQHandler</a> from startup_s32k144.o(.text) referenced from startup_s32k144.o(RESET)
 <LI><a href="#[7a]">FTM1_Ch4_Ch5_IRQHandler</a> from startup_s32k144.o(.text) referenced from startup_s32k144.o(RESET)
 <LI><a href="#[7b]">FTM1_Ch6_Ch7_IRQHandler</a> from startup_s32k144.o(.text) referenced from startup_s32k144.o(RESET)
 <LI><a href="#[7c]">FTM1_Fault_IRQHandler</a> from startup_s32k144.o(.text) referenced from startup_s32k144.o(RESET)
 <LI><a href="#[7d]">FTM1_Ovf_Reload_IRQHandler</a> from startup_s32k144.o(.text) referenced from startup_s32k144.o(RESET)
 <LI><a href="#[7e]">FTM2_Ch0_Ch1_IRQHandler</a> from startup_s32k144.o(.text) referenced from startup_s32k144.o(RESET)
 <LI><a href="#[7f]">FTM2_Ch2_Ch3_IRQHandler</a> from startup_s32k144.o(.text) referenced from startup_s32k144.o(RESET)
 <LI><a href="#[80]">FTM2_Ch4_Ch5_IRQHandler</a> from startup_s32k144.o(.text) referenced from startup_s32k144.o(RESET)
 <LI><a href="#[81]">FTM2_Ch6_Ch7_IRQHandler</a> from startup_s32k144.o(.text) referenced from startup_s32k144.o(RESET)
 <LI><a href="#[82]">FTM2_Fault_IRQHandler</a> from startup_s32k144.o(.text) referenced from startup_s32k144.o(RESET)
 <LI><a href="#[83]">FTM2_Ovf_Reload_IRQHandler</a> from startup_s32k144.o(.text) referenced from startup_s32k144.o(RESET)
 <LI><a href="#[84]">FTM3_Ch0_Ch1_IRQHandler</a> from startup_s32k144.o(.text) referenced from startup_s32k144.o(RESET)
 <LI><a href="#[85]">FTM3_Ch2_Ch3_IRQHandler</a> from startup_s32k144.o(.text) referenced from startup_s32k144.o(RESET)
 <LI><a href="#[86]">FTM3_Ch4_Ch5_IRQHandler</a> from startup_s32k144.o(.text) referenced from startup_s32k144.o(RESET)
 <LI><a href="#[87]">FTM3_Ch6_Ch7_IRQHandler</a> from startup_s32k144.o(.text) referenced from startup_s32k144.o(RESET)
 <LI><a href="#[88]">FTM3_Fault_IRQHandler</a> from startup_s32k144.o(.text) referenced from startup_s32k144.o(RESET)
 <LI><a href="#[89]">FTM3_Ovf_Reload_IRQHandler</a> from startup_s32k144.o(.text) referenced from startup_s32k144.o(RESET)
 <LI><a href="#[7]">HardFault_Handler</a> from startup_s32k144.o(.text) referenced from startup_s32k144.o(RESET)
 <LI><a href="#[27]">LPI2C0_Master_IRQHandler</a> from startup_s32k144.o(.text) referenced from startup_s32k144.o(RESET)
 <LI><a href="#[28]">LPI2C0_Slave_IRQHandler</a> from startup_s32k144.o(.text) referenced from startup_s32k144.o(RESET)
 <LI><a href="#[3f]">LPIT0_Ch0_IRQHandler</a> from startup_s32k144.o(.text) referenced from startup_s32k144.o(RESET)
 <LI><a href="#[40]">LPIT0_Ch1_IRQHandler</a> from startup_s32k144.o(.text) referenced from startup_s32k144.o(RESET)
 <LI><a href="#[41]">LPIT0_Ch2_IRQHandler</a> from startup_s32k144.o(.text) referenced from startup_s32k144.o(RESET)
 <LI><a href="#[42]">LPIT0_Ch3_IRQHandler</a> from startup_s32k144.o(.text) referenced from startup_s32k144.o(RESET)
 <LI><a href="#[29]">LPSPI0_IRQHandler</a> from startup_s32k144.o(.text) referenced from startup_s32k144.o(RESET)
 <LI><a href="#[2a]">LPSPI1_IRQHandler</a> from startup_s32k144.o(.text) referenced from startup_s32k144.o(RESET)
 <LI><a href="#[2b]">LPSPI2_IRQHandler</a> from startup_s32k144.o(.text) referenced from startup_s32k144.o(RESET)
 <LI><a href="#[49]">LPTMR0_IRQHandler</a> from startup_s32k144.o(.text) referenced from startup_s32k144.o(RESET)
 <LI><a href="#[2e]">LPUART0_RxTx_IRQHandler</a> from startup_s32k144.o(.text) referenced from startup_s32k144.o(RESET)
 <LI><a href="#[30]">LPUART1_RxTx_IRQHandler</a> from startup_s32k144.o(.text) referenced from startup_s32k144.o(RESET)
 <LI><a href="#[32]">LPUART2_RxTx_IRQHandler</a> from startup_s32k144.o(.text) referenced from startup_s32k144.o(RESET)
 <LI><a href="#[23]">LVD_LVW_IRQHandler</a> from startup_s32k144.o(.text) referenced from startup_s32k144.o(RESET)
 <LI><a href="#[20]">MCM_IRQHandler</a> from startup_s32k144.o(.text) referenced from startup_s32k144.o(RESET)
 <LI><a href="#[8]">MemManage_Handler</a> from startup_s32k144.o(.text) referenced from startup_s32k144.o(RESET)
 <LI><a href="#[6]">NMI_Handler</a> from startup_s32k144.o(.text) referenced from startup_s32k144.o(RESET)
 <LI><a href="#[43]">PDB0_IRQHandler</a> from startup_s32k144.o(.text) referenced from startup_s32k144.o(RESET)
 <LI><a href="#[53]">PDB1_IRQHandler</a> from startup_s32k144.o(.text) referenced from startup_s32k144.o(RESET)
 <LI><a href="#[4a]">PORTA_IRQHandler</a> from startup_s32k144.o(.text) referenced from startup_s32k144.o(RESET)
 <LI><a href="#[4b]">PORTB_IRQHandler</a> from startup_s32k144.o(.text) referenced from startup_s32k144.o(RESET)
 <LI><a href="#[4c]">PORTC_IRQHandler</a> from startup_s32k144.o(.text) referenced from startup_s32k144.o(RESET)
 <LI><a href="#[4d]">PORTD_IRQHandler</a> from startup_s32k144.o(.text) referenced from startup_s32k144.o(RESET)
 <LI><a href="#[4e]">PORTE_IRQHandler</a> from startup_s32k144.o(.text) referenced from startup_s32k144.o(RESET)
 <LI><a href="#[d]">PendSV_Handler</a> from startup_s32k144.o(.text) referenced from startup_s32k144.o(RESET)
 <LI><a href="#[26]">RCM_IRQHandler</a> from startup_s32k144.o(.text) referenced from startup_s32k144.o(RESET)
 <LI><a href="#[3d]">RTC_IRQHandler</a> from startup_s32k144.o(.text) referenced from startup_s32k144.o(RESET)
 <LI><a href="#[3e]">RTC_Seconds_IRQHandler</a> from startup_s32k144.o(.text) referenced from startup_s32k144.o(RESET)
 <LI><a href="#[22]">Read_Collision_IRQHandler</a> from startup_s32k144.o(.text) referenced from startup_s32k144.o(RESET)
 <LI><a href="#[63]">Reserved100_IRQHandler</a> from startup_s32k144.o(.text) referenced from startup_s32k144.o(RESET)
 <LI><a href="#[66]">Reserved103_IRQHandler</a> from startup_s32k144.o(.text) referenced from startup_s32k144.o(RESET)
 <LI><a href="#[68]">Reserved105_IRQHandler</a> from startup_s32k144.o(.text) referenced from startup_s32k144.o(RESET)
 <LI><a href="#[69]">Reserved106_IRQHandler</a> from startup_s32k144.o(.text) referenced from startup_s32k144.o(RESET)
 <LI><a href="#[6a]">Reserved107_IRQHandler</a> from startup_s32k144.o(.text) referenced from startup_s32k144.o(RESET)
 <LI><a href="#[6d]">Reserved110_IRQHandler</a> from startup_s32k144.o(.text) referenced from startup_s32k144.o(RESET)
 <LI><a href="#[6f]">Reserved112_IRQHandler</a> from startup_s32k144.o(.text) referenced from startup_s32k144.o(RESET)
 <LI><a href="#[70]">Reserved113_IRQHandler</a> from startup_s32k144.o(.text) referenced from startup_s32k144.o(RESET)
 <LI><a href="#[71]">Reserved114_IRQHandler</a> from startup_s32k144.o(.text) referenced from startup_s32k144.o(RESET)
 <LI><a href="#[2c]">Reserved45_IRQHandler</a> from startup_s32k144.o(.text) referenced from startup_s32k144.o(RESET)
 <LI><a href="#[2d]">Reserved46_IRQHandler</a> from startup_s32k144.o(.text) referenced from startup_s32k144.o(RESET)
 <LI><a href="#[2f]">Reserved48_IRQHandler</a> from startup_s32k144.o(.text) referenced from startup_s32k144.o(RESET)
 <LI><a href="#[31]">Reserved50_IRQHandler</a> from startup_s32k144.o(.text) referenced from startup_s32k144.o(RESET)
 <LI><a href="#[33]">Reserved52_IRQHandler</a> from startup_s32k144.o(.text) referenced from startup_s32k144.o(RESET)
 <LI><a href="#[34]">Reserved53_IRQHandler</a> from startup_s32k144.o(.text) referenced from startup_s32k144.o(RESET)
 <LI><a href="#[35]">Reserved54_IRQHandler</a> from startup_s32k144.o(.text) referenced from startup_s32k144.o(RESET)
 <LI><a href="#[39]">Reserved58_IRQHandler</a> from startup_s32k144.o(.text) referenced from startup_s32k144.o(RESET)
 <LI><a href="#[3a]">Reserved59_IRQHandler</a> from startup_s32k144.o(.text) referenced from startup_s32k144.o(RESET)
 <LI><a href="#[44]">Reserved69_IRQHandler</a> from startup_s32k144.o(.text) referenced from startup_s32k144.o(RESET)
 <LI><a href="#[45]">Reserved70_IRQHandler</a> from startup_s32k144.o(.text) referenced from startup_s32k144.o(RESET)
 <LI><a href="#[46]">Reserved71_IRQHandler</a> from startup_s32k144.o(.text) referenced from startup_s32k144.o(RESET)
 <LI><a href="#[47]">Reserved72_IRQHandler</a> from startup_s32k144.o(.text) referenced from startup_s32k144.o(RESET)
 <LI><a href="#[50]">Reserved81_IRQHandler</a> from startup_s32k144.o(.text) referenced from startup_s32k144.o(RESET)
 <LI><a href="#[51]">Reserved82_IRQHandler</a> from startup_s32k144.o(.text) referenced from startup_s32k144.o(RESET)
 <LI><a href="#[52]">Reserved83_IRQHandler</a> from startup_s32k144.o(.text) referenced from startup_s32k144.o(RESET)
 <LI><a href="#[55]">Reserved86_IRQHandler</a> from startup_s32k144.o(.text) referenced from startup_s32k144.o(RESET)
 <LI><a href="#[56]">Reserved87_IRQHandler</a> from startup_s32k144.o(.text) referenced from startup_s32k144.o(RESET)
 <LI><a href="#[57]">Reserved88_IRQHandler</a> from startup_s32k144.o(.text) referenced from startup_s32k144.o(RESET)
 <LI><a href="#[58]">Reserved89_IRQHandler</a> from startup_s32k144.o(.text) referenced from startup_s32k144.o(RESET)
 <LI><a href="#[59]">Reserved90_IRQHandler</a> from startup_s32k144.o(.text) referenced from startup_s32k144.o(RESET)
 <LI><a href="#[5a]">Reserved91_IRQHandler</a> from startup_s32k144.o(.text) referenced from startup_s32k144.o(RESET)
 <LI><a href="#[5b]">Reserved92_IRQHandler</a> from startup_s32k144.o(.text) referenced from startup_s32k144.o(RESET)
 <LI><a href="#[5c]">Reserved93_IRQHandler</a> from startup_s32k144.o(.text) referenced from startup_s32k144.o(RESET)
 <LI><a href="#[62]">Reserved99_IRQHandler</a> from startup_s32k144.o(.text) referenced from startup_s32k144.o(RESET)
 <LI><a href="#[5]">Reset_Handler</a> from startup_s32k144.o(.text) referenced from startup_s32k144.o(RESET)
 <LI><a href="#[48]">SCG_IRQHandler</a> from startup_s32k144.o(.text) referenced from startup_s32k144.o(RESET)
 <LI><a href="#[b]">SVC_Handler</a> from startup_s32k144.o(.text) referenced from startup_s32k144.o(RESET)
 <LI><a href="#[4f]">SWI_IRQHandler</a> from startup_s32k144.o(.text) referenced from startup_s32k144.o(RESET)
 <LI><a href="#[e]">SysTick_Handler</a> from startup_s32k144.o(.text) referenced from startup_s32k144.o(RESET)
 <LI><a href="#[2]">SystemInit</a> from system_s32k144.o(i.SystemInit) referenced from startup_s32k144.o(.text)
 <LI><a href="#[a]">UsageFault_Handler</a> from startup_s32k144.o(.text) referenced from startup_s32k144.o(RESET)
 <LI><a href="#[25]">WDOG_EWM_IRQHandler</a> from startup_s32k144.o(.text) referenced from startup_s32k144.o(RESET)
 <LI><a href="#[8b]">__main</a> from __main.o(!!!main) referenced from startup_s32k144.o(.text)
 <LI><a href="#[3]">init_data_bss</a> from startup.o(i.init_data_bss) referenced from startup_s32k144.o(.text)
</UL>
<P>
<H3>
Global Symbols
</H3>
<P><STRONG><a name="[8b]"></a>__main</STRONG> (Thumb, 8 bytes, Stack size 0 bytes, __main.o(!!!main))
<BR><BR>[Calls]<UL><LI><a href="#[91]">&gt;&gt;</a>&nbsp;&nbsp;&nbsp;__rt_entry
<LI><a href="#[90]">&gt;&gt;</a>&nbsp;&nbsp;&nbsp;__scatterload
</UL>

<P><STRONG><a name="[90]"></a>__scatterload</STRONG> (Thumb, 0 bytes, Stack size unknown bytes, __scatter.o(!!!scatter))
<BR><BR>[Called By]<UL><LI><a href="#[8b]">&gt;&gt;</a>&nbsp;&nbsp;&nbsp;__main
</UL>

<P><STRONG><a name="[92]"></a>__scatterload_rt2</STRONG> (Thumb, 44 bytes, Stack size unknown bytes, __scatter.o(!!!scatter), UNUSED)
<BR><BR>[Calls]<UL><LI><a href="#[91]">&gt;&gt;</a>&nbsp;&nbsp;&nbsp;__rt_entry
</UL>

<P><STRONG><a name="[a5]"></a>__scatterload_rt2_thumb_only</STRONG> (Thumb, 0 bytes, Stack size unknown bytes, __scatter.o(!!!scatter), UNUSED)

<P><STRONG><a name="[a6]"></a>__scatterload_null</STRONG> (Thumb, 0 bytes, Stack size unknown bytes, __scatter.o(!!!scatter), UNUSED)

<P><STRONG><a name="[93]"></a>__scatterload_copy</STRONG> (Thumb, 26 bytes, Stack size unknown bytes, __scatter_copy.o(!!handler_copy), UNUSED)
<BR><BR>[Calls]<UL><LI><a href="#[93]">&gt;&gt;</a>&nbsp;&nbsp;&nbsp;__scatterload_copy
</UL>
<BR>[Called By]<UL><LI><a href="#[93]">&gt;&gt;</a>&nbsp;&nbsp;&nbsp;__scatterload_copy
</UL>

<P><STRONG><a name="[97]"></a>__rt_lib_init</STRONG> (Thumb, 0 bytes, Stack size unknown bytes, libinit.o(.ARM.Collect$$libinit$$00000000))
<BR><BR>[Called By]<UL><LI><a href="#[96]">&gt;&gt;</a>&nbsp;&nbsp;&nbsp;__rt_entry_li
</UL>

<P><STRONG><a name="[94]"></a>__rt_lib_init_fp_1</STRONG> (Thumb, 0 bytes, Stack size unknown bytes, libinit2.o(.ARM.Collect$$libinit$$00000001))
<BR><BR>[Calls]<UL><LI><a href="#[95]">&gt;&gt;</a>&nbsp;&nbsp;&nbsp;_fp_init
</UL>

<P><STRONG><a name="[a7]"></a>__rt_lib_init_alloca_1</STRONG> (Thumb, 0 bytes, Stack size unknown bytes, libinit2.o(.ARM.Collect$$libinit$$0000002E))

<P><STRONG><a name="[a8]"></a>__rt_lib_init_argv_1</STRONG> (Thumb, 0 bytes, Stack size unknown bytes, libinit2.o(.ARM.Collect$$libinit$$0000002C))

<P><STRONG><a name="[a9]"></a>__rt_lib_init_atexit_1</STRONG> (Thumb, 0 bytes, Stack size unknown bytes, libinit2.o(.ARM.Collect$$libinit$$0000001B))

<P><STRONG><a name="[aa]"></a>__rt_lib_init_clock_1</STRONG> (Thumb, 0 bytes, Stack size unknown bytes, libinit2.o(.ARM.Collect$$libinit$$00000021))

<P><STRONG><a name="[ab]"></a>__rt_lib_init_cpp_1</STRONG> (Thumb, 0 bytes, Stack size unknown bytes, libinit2.o(.ARM.Collect$$libinit$$00000032))

<P><STRONG><a name="[ac]"></a>__rt_lib_init_exceptions_1</STRONG> (Thumb, 0 bytes, Stack size unknown bytes, libinit2.o(.ARM.Collect$$libinit$$00000030))

<P><STRONG><a name="[ad]"></a>__rt_lib_init_fp_trap_1</STRONG> (Thumb, 0 bytes, Stack size unknown bytes, libinit2.o(.ARM.Collect$$libinit$$0000001F))

<P><STRONG><a name="[ae]"></a>__rt_lib_init_getenv_1</STRONG> (Thumb, 0 bytes, Stack size unknown bytes, libinit2.o(.ARM.Collect$$libinit$$00000023))

<P><STRONG><a name="[af]"></a>__rt_lib_init_heap_1</STRONG> (Thumb, 0 bytes, Stack size unknown bytes, libinit2.o(.ARM.Collect$$libinit$$0000000A))

<P><STRONG><a name="[b0]"></a>__rt_lib_init_lc_collate_1</STRONG> (Thumb, 0 bytes, Stack size unknown bytes, libinit2.o(.ARM.Collect$$libinit$$00000011))

<P><STRONG><a name="[b1]"></a>__rt_lib_init_lc_ctype_1</STRONG> (Thumb, 0 bytes, Stack size unknown bytes, libinit2.o(.ARM.Collect$$libinit$$00000013))

<P><STRONG><a name="[b2]"></a>__rt_lib_init_lc_monetary_1</STRONG> (Thumb, 0 bytes, Stack size unknown bytes, libinit2.o(.ARM.Collect$$libinit$$00000015))

<P><STRONG><a name="[b3]"></a>__rt_lib_init_lc_numeric_1</STRONG> (Thumb, 0 bytes, Stack size unknown bytes, libinit2.o(.ARM.Collect$$libinit$$00000017))

<P><STRONG><a name="[b4]"></a>__rt_lib_init_lc_time_1</STRONG> (Thumb, 0 bytes, Stack size unknown bytes, libinit2.o(.ARM.Collect$$libinit$$00000019))

<P><STRONG><a name="[b5]"></a>__rt_lib_init_preinit_1</STRONG> (Thumb, 0 bytes, Stack size unknown bytes, libinit2.o(.ARM.Collect$$libinit$$00000004))

<P><STRONG><a name="[b6]"></a>__rt_lib_init_rand_1</STRONG> (Thumb, 0 bytes, Stack size unknown bytes, libinit2.o(.ARM.Collect$$libinit$$0000000E))

<P><STRONG><a name="[b7]"></a>__rt_lib_init_return</STRONG> (Thumb, 0 bytes, Stack size unknown bytes, libinit2.o(.ARM.Collect$$libinit$$00000033))

<P><STRONG><a name="[b8]"></a>__rt_lib_init_signal_1</STRONG> (Thumb, 0 bytes, Stack size unknown bytes, libinit2.o(.ARM.Collect$$libinit$$0000001D))

<P><STRONG><a name="[b9]"></a>__rt_lib_init_stdio_1</STRONG> (Thumb, 0 bytes, Stack size unknown bytes, libinit2.o(.ARM.Collect$$libinit$$00000025))

<P><STRONG><a name="[ba]"></a>__rt_lib_init_user_alloc_1</STRONG> (Thumb, 0 bytes, Stack size unknown bytes, libinit2.o(.ARM.Collect$$libinit$$0000000C))

<P><STRONG><a name="[9c]"></a>__rt_lib_shutdown</STRONG> (Thumb, 0 bytes, Stack size unknown bytes, libshutdown.o(.ARM.Collect$$libshutdown$$00000000))
<BR><BR>[Called By]<UL><LI><a href="#[9b]">&gt;&gt;</a>&nbsp;&nbsp;&nbsp;__rt_exit_ls
</UL>

<P><STRONG><a name="[bb]"></a>__rt_lib_shutdown_cpp_1</STRONG> (Thumb, 0 bytes, Stack size unknown bytes, libshutdown2.o(.ARM.Collect$$libshutdown$$00000002))

<P><STRONG><a name="[bc]"></a>__rt_lib_shutdown_fp_trap_1</STRONG> (Thumb, 0 bytes, Stack size unknown bytes, libshutdown2.o(.ARM.Collect$$libshutdown$$00000007))

<P><STRONG><a name="[bd]"></a>__rt_lib_shutdown_heap_1</STRONG> (Thumb, 0 bytes, Stack size unknown bytes, libshutdown2.o(.ARM.Collect$$libshutdown$$0000000F))

<P><STRONG><a name="[be]"></a>__rt_lib_shutdown_return</STRONG> (Thumb, 0 bytes, Stack size unknown bytes, libshutdown2.o(.ARM.Collect$$libshutdown$$00000010))

<P><STRONG><a name="[bf]"></a>__rt_lib_shutdown_signal_1</STRONG> (Thumb, 0 bytes, Stack size unknown bytes, libshutdown2.o(.ARM.Collect$$libshutdown$$0000000A))

<P><STRONG><a name="[c0]"></a>__rt_lib_shutdown_stdio_1</STRONG> (Thumb, 0 bytes, Stack size unknown bytes, libshutdown2.o(.ARM.Collect$$libshutdown$$00000004))

<P><STRONG><a name="[c1]"></a>__rt_lib_shutdown_user_alloc_1</STRONG> (Thumb, 0 bytes, Stack size unknown bytes, libshutdown2.o(.ARM.Collect$$libshutdown$$0000000C))

<P><STRONG><a name="[91]"></a>__rt_entry</STRONG> (Thumb, 0 bytes, Stack size unknown bytes, __rtentry.o(.ARM.Collect$$rtentry$$00000000))
<BR><BR>[Called By]<UL><LI><a href="#[8b]">&gt;&gt;</a>&nbsp;&nbsp;&nbsp;__main
<LI><a href="#[92]">&gt;&gt;</a>&nbsp;&nbsp;&nbsp;__scatterload_rt2
</UL>

<P><STRONG><a name="[c2]"></a>__rt_entry_presh_1</STRONG> (Thumb, 0 bytes, Stack size unknown bytes, __rtentry2.o(.ARM.Collect$$rtentry$$00000002))

<P><STRONG><a name="[c3]"></a>__rt_entry_sh</STRONG> (Thumb, 0 bytes, Stack size unknown bytes, __rtentry7.o(.ARM.Collect$$rtentry$$00000007))

<P><STRONG><a name="[96]"></a>__rt_entry_li</STRONG> (Thumb, 0 bytes, Stack size unknown bytes, __rtentry2.o(.ARM.Collect$$rtentry$$0000000A))
<BR><BR>[Calls]<UL><LI><a href="#[97]">&gt;&gt;</a>&nbsp;&nbsp;&nbsp;__rt_lib_init
</UL>

<P><STRONG><a name="[c4]"></a>__rt_entry_postsh_1</STRONG> (Thumb, 0 bytes, Stack size unknown bytes, __rtentry2.o(.ARM.Collect$$rtentry$$00000009))

<P><STRONG><a name="[98]"></a>__rt_entry_main</STRONG> (Thumb, 0 bytes, Stack size unknown bytes, __rtentry2.o(.ARM.Collect$$rtentry$$0000000D))
<BR><BR>[Stack]<UL><LI>Max Depth = 32 + Unknown Stack Size
<LI>Call Chain = __rt_entry_main &rArr; main &rArr; CANSendData
</UL>
<BR>[Calls]<UL><LI><a href="#[9a]">&gt;&gt;</a>&nbsp;&nbsp;&nbsp;exit
<LI><a href="#[99]">&gt;&gt;</a>&nbsp;&nbsp;&nbsp;main
</UL>

<P><STRONG><a name="[c5]"></a>__rt_entry_postli_1</STRONG> (Thumb, 0 bytes, Stack size unknown bytes, __rtentry2.o(.ARM.Collect$$rtentry$$0000000C))

<P><STRONG><a name="[9f]"></a>__rt_exit</STRONG> (Thumb, 0 bytes, Stack size unknown bytes, rtexit.o(.ARM.Collect$$rtexit$$00000000))
<BR><BR>[Called By]<UL><LI><a href="#[9a]">&gt;&gt;</a>&nbsp;&nbsp;&nbsp;exit
</UL>

<P><STRONG><a name="[9b]"></a>__rt_exit_ls</STRONG> (Thumb, 0 bytes, Stack size unknown bytes, rtexit2.o(.ARM.Collect$$rtexit$$00000003))
<BR><BR>[Calls]<UL><LI><a href="#[9c]">&gt;&gt;</a>&nbsp;&nbsp;&nbsp;__rt_lib_shutdown
</UL>

<P><STRONG><a name="[c6]"></a>__rt_exit_prels_1</STRONG> (Thumb, 0 bytes, Stack size unknown bytes, rtexit2.o(.ARM.Collect$$rtexit$$00000002))

<P><STRONG><a name="[9d]"></a>__rt_exit_exit</STRONG> (Thumb, 0 bytes, Stack size unknown bytes, rtexit2.o(.ARM.Collect$$rtexit$$00000004))
<BR><BR>[Calls]<UL><LI><a href="#[9e]">&gt;&gt;</a>&nbsp;&nbsp;&nbsp;_sys_exit
</UL>

<P><STRONG><a name="[5]"></a>Reset_Handler</STRONG> (Thumb, 18 bytes, Stack size 0 bytes, startup_s32k144.o(.text))
<BR>[Address Reference Count : 1]<UL><LI> startup_s32k144.o(RESET)
</UL>
<P><STRONG><a name="[6]"></a>NMI_Handler</STRONG> (Thumb, 2 bytes, Stack size 0 bytes, startup_s32k144.o(.text))
<BR><BR>[Calls]<UL><LI><a href="#[6]">&gt;&gt;</a>&nbsp;&nbsp;&nbsp;NMI_Handler
</UL>
<BR>[Called By]<UL><LI><a href="#[6]">&gt;&gt;</a>&nbsp;&nbsp;&nbsp;NMI_Handler
</UL>
<BR>[Address Reference Count : 1]<UL><LI> startup_s32k144.o(RESET)
</UL>
<P><STRONG><a name="[7]"></a>HardFault_Handler</STRONG> (Thumb, 2 bytes, Stack size 0 bytes, startup_s32k144.o(.text))
<BR><BR>[Calls]<UL><LI><a href="#[7]">&gt;&gt;</a>&nbsp;&nbsp;&nbsp;HardFault_Handler
</UL>
<BR>[Called By]<UL><LI><a href="#[7]">&gt;&gt;</a>&nbsp;&nbsp;&nbsp;HardFault_Handler
</UL>
<BR>[Address Reference Count : 1]<UL><LI> startup_s32k144.o(RESET)
</UL>
<P><STRONG><a name="[8]"></a>MemManage_Handler</STRONG> (Thumb, 2 bytes, Stack size 0 bytes, startup_s32k144.o(.text))
<BR><BR>[Calls]<UL><LI><a href="#[8]">&gt;&gt;</a>&nbsp;&nbsp;&nbsp;MemManage_Handler
</UL>
<BR>[Called By]<UL><LI><a href="#[8]">&gt;&gt;</a>&nbsp;&nbsp;&nbsp;MemManage_Handler
</UL>
<BR>[Address Reference Count : 1]<UL><LI> startup_s32k144.o(RESET)
</UL>
<P><STRONG><a name="[9]"></a>BusFault_Handler</STRONG> (Thumb, 2 bytes, Stack size 0 bytes, startup_s32k144.o(.text))
<BR><BR>[Calls]<UL><LI><a href="#[9]">&gt;&gt;</a>&nbsp;&nbsp;&nbsp;BusFault_Handler
</UL>
<BR>[Called By]<UL><LI><a href="#[9]">&gt;&gt;</a>&nbsp;&nbsp;&nbsp;BusFault_Handler
</UL>
<BR>[Address Reference Count : 1]<UL><LI> startup_s32k144.o(RESET)
</UL>
<P><STRONG><a name="[a]"></a>UsageFault_Handler</STRONG> (Thumb, 2 bytes, Stack size 0 bytes, startup_s32k144.o(.text))
<BR><BR>[Calls]<UL><LI><a href="#[a]">&gt;&gt;</a>&nbsp;&nbsp;&nbsp;UsageFault_Handler
</UL>
<BR>[Called By]<UL><LI><a href="#[a]">&gt;&gt;</a>&nbsp;&nbsp;&nbsp;UsageFault_Handler
</UL>
<BR>[Address Reference Count : 1]<UL><LI> startup_s32k144.o(RESET)
</UL>
<P><STRONG><a name="[b]"></a>SVC_Handler</STRONG> (Thumb, 2 bytes, Stack size 0 bytes, startup_s32k144.o(.text))
<BR><BR>[Calls]<UL><LI><a href="#[b]">&gt;&gt;</a>&nbsp;&nbsp;&nbsp;SVC_Handler
</UL>
<BR>[Called By]<UL><LI><a href="#[b]">&gt;&gt;</a>&nbsp;&nbsp;&nbsp;SVC_Handler
</UL>
<BR>[Address Reference Count : 1]<UL><LI> startup_s32k144.o(RESET)
</UL>
<P><STRONG><a name="[c]"></a>DebugMon_Handler</STRONG> (Thumb, 2 bytes, Stack size 0 bytes, startup_s32k144.o(.text))
<BR><BR>[Calls]<UL><LI><a href="#[c]">&gt;&gt;</a>&nbsp;&nbsp;&nbsp;DebugMon_Handler
</UL>
<BR>[Called By]<UL><LI><a href="#[c]">&gt;&gt;</a>&nbsp;&nbsp;&nbsp;DebugMon_Handler
</UL>
<BR>[Address Reference Count : 1]<UL><LI> startup_s32k144.o(RESET)
</UL>
<P><STRONG><a name="[d]"></a>PendSV_Handler</STRONG> (Thumb, 2 bytes, Stack size 0 bytes, startup_s32k144.o(.text))
<BR><BR>[Calls]<UL><LI><a href="#[d]">&gt;&gt;</a>&nbsp;&nbsp;&nbsp;PendSV_Handler
</UL>
<BR>[Called By]<UL><LI><a href="#[d]">&gt;&gt;</a>&nbsp;&nbsp;&nbsp;PendSV_Handler
</UL>
<BR>[Address Reference Count : 1]<UL><LI> startup_s32k144.o(RESET)
</UL>
<P><STRONG><a name="[e]"></a>SysTick_Handler</STRONG> (Thumb, 2 bytes, Stack size 0 bytes, startup_s32k144.o(.text))
<BR><BR>[Calls]<UL><LI><a href="#[e]">&gt;&gt;</a>&nbsp;&nbsp;&nbsp;SysTick_Handler
</UL>
<BR>[Called By]<UL><LI><a href="#[e]">&gt;&gt;</a>&nbsp;&nbsp;&nbsp;SysTick_Handler
</UL>
<BR>[Address Reference Count : 1]<UL><LI> startup_s32k144.o(RESET)
</UL>
<P><STRONG><a name="[36]"></a>ADC0_IRQHandler</STRONG> (Thumb, 0 bytes, Stack size 0 bytes, startup_s32k144.o(.text))
<BR><BR>[Calls]<UL><LI><a href="#[8a]">&gt;&gt;</a>&nbsp;&nbsp;&nbsp;DefaultISR
</UL>
<BR>[Address Reference Count : 1]<UL><LI> startup_s32k144.o(RESET)
</UL>
<P><STRONG><a name="[37]"></a>ADC1_IRQHandler</STRONG> (Thumb, 0 bytes, Stack size 0 bytes, startup_s32k144.o(.text))
<BR>[Address Reference Count : 1]<UL><LI> startup_s32k144.o(RESET)
</UL>
<P><STRONG><a name="[5e]"></a>CAN0_Error_IRQHandler</STRONG> (Thumb, 0 bytes, Stack size 0 bytes, startup_s32k144.o(.text))
<BR>[Address Reference Count : 1]<UL><LI> startup_s32k144.o(RESET)
</UL>
<P><STRONG><a name="[60]"></a>CAN0_ORed_0_15_MB_IRQHandler</STRONG> (Thumb, 0 bytes, Stack size 0 bytes, startup_s32k144.o(.text))
<BR>[Address Reference Count : 1]<UL><LI> startup_s32k144.o(RESET)
</UL>
<P><STRONG><a name="[61]"></a>CAN0_ORed_16_31_MB_IRQHandler</STRONG> (Thumb, 0 bytes, Stack size 0 bytes, startup_s32k144.o(.text))
<BR>[Address Reference Count : 1]<UL><LI> startup_s32k144.o(RESET)
</UL>
<P><STRONG><a name="[5d]"></a>CAN0_ORed_IRQHandler</STRONG> (Thumb, 0 bytes, Stack size 0 bytes, startup_s32k144.o(.text))
<BR>[Address Reference Count : 1]<UL><LI> startup_s32k144.o(RESET)
</UL>
<P><STRONG><a name="[5f]"></a>CAN0_Wake_Up_IRQHandler</STRONG> (Thumb, 0 bytes, Stack size 0 bytes, startup_s32k144.o(.text))
<BR>[Address Reference Count : 1]<UL><LI> startup_s32k144.o(RESET)
</UL>
<P><STRONG><a name="[65]"></a>CAN1_Error_IRQHandler</STRONG> (Thumb, 0 bytes, Stack size 0 bytes, startup_s32k144.o(.text))
<BR>[Address Reference Count : 1]<UL><LI> startup_s32k144.o(RESET)
</UL>
<P><STRONG><a name="[67]"></a>CAN1_ORed_0_15_MB_IRQHandler</STRONG> (Thumb, 0 bytes, Stack size 0 bytes, startup_s32k144.o(.text))
<BR>[Address Reference Count : 1]<UL><LI> startup_s32k144.o(RESET)
</UL>
<P><STRONG><a name="[64]"></a>CAN1_ORed_IRQHandler</STRONG> (Thumb, 0 bytes, Stack size 0 bytes, startup_s32k144.o(.text))
<BR>[Address Reference Count : 1]<UL><LI> startup_s32k144.o(RESET)
</UL>
<P><STRONG><a name="[6c]"></a>CAN2_Error_IRQHandler</STRONG> (Thumb, 0 bytes, Stack size 0 bytes, startup_s32k144.o(.text))
<BR>[Address Reference Count : 1]<UL><LI> startup_s32k144.o(RESET)
</UL>
<P><STRONG><a name="[6e]"></a>CAN2_ORed_0_15_MB_IRQHandler</STRONG> (Thumb, 0 bytes, Stack size 0 bytes, startup_s32k144.o(.text))
<BR>[Address Reference Count : 1]<UL><LI> startup_s32k144.o(RESET)
</UL>
<P><STRONG><a name="[6b]"></a>CAN2_ORed_IRQHandler</STRONG> (Thumb, 0 bytes, Stack size 0 bytes, startup_s32k144.o(.text))
<BR>[Address Reference Count : 1]<UL><LI> startup_s32k144.o(RESET)
</UL>
<P><STRONG><a name="[38]"></a>CMP0_IRQHandler</STRONG> (Thumb, 0 bytes, Stack size 0 bytes, startup_s32k144.o(.text))
<BR>[Address Reference Count : 1]<UL><LI> startup_s32k144.o(RESET)
</UL>
<P><STRONG><a name="[f]"></a>DMA0_IRQHandler</STRONG> (Thumb, 0 bytes, Stack size 0 bytes, startup_s32k144.o(.text))
<BR>[Address Reference Count : 1]<UL><LI> startup_s32k144.o(RESET)
</UL>
<P><STRONG><a name="[19]"></a>DMA10_IRQHandler</STRONG> (Thumb, 0 bytes, Stack size 0 bytes, startup_s32k144.o(.text))
<BR>[Address Reference Count : 1]<UL><LI> startup_s32k144.o(RESET)
</UL>
<P><STRONG><a name="[1a]"></a>DMA11_IRQHandler</STRONG> (Thumb, 0 bytes, Stack size 0 bytes, startup_s32k144.o(.text))
<BR>[Address Reference Count : 1]<UL><LI> startup_s32k144.o(RESET)
</UL>
<P><STRONG><a name="[1b]"></a>DMA12_IRQHandler</STRONG> (Thumb, 0 bytes, Stack size 0 bytes, startup_s32k144.o(.text))
<BR>[Address Reference Count : 1]<UL><LI> startup_s32k144.o(RESET)
</UL>
<P><STRONG><a name="[1c]"></a>DMA13_IRQHandler</STRONG> (Thumb, 0 bytes, Stack size 0 bytes, startup_s32k144.o(.text))
<BR>[Address Reference Count : 1]<UL><LI> startup_s32k144.o(RESET)
</UL>
<P><STRONG><a name="[1d]"></a>DMA14_IRQHandler</STRONG> (Thumb, 0 bytes, Stack size 0 bytes, startup_s32k144.o(.text))
<BR>[Address Reference Count : 1]<UL><LI> startup_s32k144.o(RESET)
</UL>
<P><STRONG><a name="[1e]"></a>DMA15_IRQHandler</STRONG> (Thumb, 0 bytes, Stack size 0 bytes, startup_s32k144.o(.text))
<BR>[Address Reference Count : 1]<UL><LI> startup_s32k144.o(RESET)
</UL>
<P><STRONG><a name="[10]"></a>DMA1_IRQHandler</STRONG> (Thumb, 0 bytes, Stack size 0 bytes, startup_s32k144.o(.text))
<BR>[Address Reference Count : 1]<UL><LI> startup_s32k144.o(RESET)
</UL>
<P><STRONG><a name="[11]"></a>DMA2_IRQHandler</STRONG> (Thumb, 0 bytes, Stack size 0 bytes, startup_s32k144.o(.text))
<BR>[Address Reference Count : 1]<UL><LI> startup_s32k144.o(RESET)
</UL>
<P><STRONG><a name="[12]"></a>DMA3_IRQHandler</STRONG> (Thumb, 0 bytes, Stack size 0 bytes, startup_s32k144.o(.text))
<BR>[Address Reference Count : 1]<UL><LI> startup_s32k144.o(RESET)
</UL>
<P><STRONG><a name="[13]"></a>DMA4_IRQHandler</STRONG> (Thumb, 0 bytes, Stack size 0 bytes, startup_s32k144.o(.text))
<BR>[Address Reference Count : 1]<UL><LI> startup_s32k144.o(RESET)
</UL>
<P><STRONG><a name="[14]"></a>DMA5_IRQHandler</STRONG> (Thumb, 0 bytes, Stack size 0 bytes, startup_s32k144.o(.text))
<BR>[Address Reference Count : 1]<UL><LI> startup_s32k144.o(RESET)
</UL>
<P><STRONG><a name="[15]"></a>DMA6_IRQHandler</STRONG> (Thumb, 0 bytes, Stack size 0 bytes, startup_s32k144.o(.text))
<BR>[Address Reference Count : 1]<UL><LI> startup_s32k144.o(RESET)
</UL>
<P><STRONG><a name="[16]"></a>DMA7_IRQHandler</STRONG> (Thumb, 0 bytes, Stack size 0 bytes, startup_s32k144.o(.text))
<BR>[Address Reference Count : 1]<UL><LI> startup_s32k144.o(RESET)
</UL>
<P><STRONG><a name="[17]"></a>DMA8_IRQHandler</STRONG> (Thumb, 0 bytes, Stack size 0 bytes, startup_s32k144.o(.text))
<BR>[Address Reference Count : 1]<UL><LI> startup_s32k144.o(RESET)
</UL>
<P><STRONG><a name="[18]"></a>DMA9_IRQHandler</STRONG> (Thumb, 0 bytes, Stack size 0 bytes, startup_s32k144.o(.text))
<BR>[Address Reference Count : 1]<UL><LI> startup_s32k144.o(RESET)
</UL>
<P><STRONG><a name="[1f]"></a>DMA_Error_IRQHandler</STRONG> (Thumb, 0 bytes, Stack size 0 bytes, startup_s32k144.o(.text))
<BR>[Address Reference Count : 1]<UL><LI> startup_s32k144.o(RESET)
</UL>
<P><STRONG><a name="[8a]"></a>DefaultISR</STRONG> (Thumb, 0 bytes, Stack size 0 bytes, startup_s32k144.o(.text))
<BR><BR>[Called By]<UL><LI><a href="#[36]">&gt;&gt;</a>&nbsp;&nbsp;&nbsp;ADC0_IRQHandler
</UL>
<BR>[Address Reference Count : 1]<UL><LI> startup_s32k144.o(RESET)
</UL>
<P><STRONG><a name="[3c]"></a>ERM_double_fault_IRQHandler</STRONG> (Thumb, 0 bytes, Stack size 0 bytes, startup_s32k144.o(.text))
<BR>[Address Reference Count : 1]<UL><LI> startup_s32k144.o(RESET)
</UL>
<P><STRONG><a name="[3b]"></a>ERM_single_fault_IRQHandler</STRONG> (Thumb, 0 bytes, Stack size 0 bytes, startup_s32k144.o(.text))
<BR>[Address Reference Count : 1]<UL><LI> startup_s32k144.o(RESET)
</UL>
<P><STRONG><a name="[54]"></a>FLEXIO_IRQHandler</STRONG> (Thumb, 0 bytes, Stack size 0 bytes, startup_s32k144.o(.text))
<BR>[Address Reference Count : 1]<UL><LI> startup_s32k144.o(RESET)
</UL>
<P><STRONG><a name="[24]"></a>FTFC_Fault_IRQHandler</STRONG> (Thumb, 0 bytes, Stack size 0 bytes, startup_s32k144.o(.text))
<BR>[Address Reference Count : 1]<UL><LI> startup_s32k144.o(RESET)
</UL>
<P><STRONG><a name="[21]"></a>FTFC_IRQHandler</STRONG> (Thumb, 0 bytes, Stack size 0 bytes, startup_s32k144.o(.text))
<BR>[Address Reference Count : 1]<UL><LI> startup_s32k144.o(RESET)
</UL>
<P><STRONG><a name="[72]"></a>FTM0_Ch0_Ch1_IRQHandler</STRONG> (Thumb, 0 bytes, Stack size 0 bytes, startup_s32k144.o(.text))
<BR>[Address Reference Count : 1]<UL><LI> startup_s32k144.o(RESET)
</UL>
<P><STRONG><a name="[73]"></a>FTM0_Ch2_Ch3_IRQHandler</STRONG> (Thumb, 0 bytes, Stack size 0 bytes, startup_s32k144.o(.text))
<BR>[Address Reference Count : 1]<UL><LI> startup_s32k144.o(RESET)
</UL>
<P><STRONG><a name="[74]"></a>FTM0_Ch4_Ch5_IRQHandler</STRONG> (Thumb, 0 bytes, Stack size 0 bytes, startup_s32k144.o(.text))
<BR>[Address Reference Count : 1]<UL><LI> startup_s32k144.o(RESET)
</UL>
<P><STRONG><a name="[75]"></a>FTM0_Ch6_Ch7_IRQHandler</STRONG> (Thumb, 0 bytes, Stack size 0 bytes, startup_s32k144.o(.text))
<BR>[Address Reference Count : 1]<UL><LI> startup_s32k144.o(RESET)
</UL>
<P><STRONG><a name="[76]"></a>FTM0_Fault_IRQHandler</STRONG> (Thumb, 0 bytes, Stack size 0 bytes, startup_s32k144.o(.text))
<BR>[Address Reference Count : 1]<UL><LI> startup_s32k144.o(RESET)
</UL>
<P><STRONG><a name="[77]"></a>FTM0_Ovf_Reload_IRQHandler</STRONG> (Thumb, 0 bytes, Stack size 0 bytes, startup_s32k144.o(.text))
<BR>[Address Reference Count : 1]<UL><LI> startup_s32k144.o(RESET)
</UL>
<P><STRONG><a name="[78]"></a>FTM1_Ch0_Ch1_IRQHandler</STRONG> (Thumb, 0 bytes, Stack size 0 bytes, startup_s32k144.o(.text))
<BR>[Address Reference Count : 1]<UL><LI> startup_s32k144.o(RESET)
</UL>
<P><STRONG><a name="[79]"></a>FTM1_Ch2_Ch3_IRQHandler</STRONG> (Thumb, 0 bytes, Stack size 0 bytes, startup_s32k144.o(.text))
<BR>[Address Reference Count : 1]<UL><LI> startup_s32k144.o(RESET)
</UL>
<P><STRONG><a name="[7a]"></a>FTM1_Ch4_Ch5_IRQHandler</STRONG> (Thumb, 0 bytes, Stack size 0 bytes, startup_s32k144.o(.text))
<BR>[Address Reference Count : 1]<UL><LI> startup_s32k144.o(RESET)
</UL>
<P><STRONG><a name="[7b]"></a>FTM1_Ch6_Ch7_IRQHandler</STRONG> (Thumb, 0 bytes, Stack size 0 bytes, startup_s32k144.o(.text))
<BR>[Address Reference Count : 1]<UL><LI> startup_s32k144.o(RESET)
</UL>
<P><STRONG><a name="[7c]"></a>FTM1_Fault_IRQHandler</STRONG> (Thumb, 0 bytes, Stack size 0 bytes, startup_s32k144.o(.text))
<BR>[Address Reference Count : 1]<UL><LI> startup_s32k144.o(RESET)
</UL>
<P><STRONG><a name="[7d]"></a>FTM1_Ovf_Reload_IRQHandler</STRONG> (Thumb, 0 bytes, Stack size 0 bytes, startup_s32k144.o(.text))
<BR>[Address Reference Count : 1]<UL><LI> startup_s32k144.o(RESET)
</UL>
<P><STRONG><a name="[7e]"></a>FTM2_Ch0_Ch1_IRQHandler</STRONG> (Thumb, 0 bytes, Stack size 0 bytes, startup_s32k144.o(.text))
<BR>[Address Reference Count : 1]<UL><LI> startup_s32k144.o(RESET)
</UL>
<P><STRONG><a name="[7f]"></a>FTM2_Ch2_Ch3_IRQHandler</STRONG> (Thumb, 0 bytes, Stack size 0 bytes, startup_s32k144.o(.text))
<BR>[Address Reference Count : 1]<UL><LI> startup_s32k144.o(RESET)
</UL>
<P><STRONG><a name="[80]"></a>FTM2_Ch4_Ch5_IRQHandler</STRONG> (Thumb, 0 bytes, Stack size 0 bytes, startup_s32k144.o(.text))
<BR>[Address Reference Count : 1]<UL><LI> startup_s32k144.o(RESET)
</UL>
<P><STRONG><a name="[81]"></a>FTM2_Ch6_Ch7_IRQHandler</STRONG> (Thumb, 0 bytes, Stack size 0 bytes, startup_s32k144.o(.text))
<BR>[Address Reference Count : 1]<UL><LI> startup_s32k144.o(RESET)
</UL>
<P><STRONG><a name="[82]"></a>FTM2_Fault_IRQHandler</STRONG> (Thumb, 0 bytes, Stack size 0 bytes, startup_s32k144.o(.text))
<BR>[Address Reference Count : 1]<UL><LI> startup_s32k144.o(RESET)
</UL>
<P><STRONG><a name="[83]"></a>FTM2_Ovf_Reload_IRQHandler</STRONG> (Thumb, 0 bytes, Stack size 0 bytes, startup_s32k144.o(.text))
<BR>[Address Reference Count : 1]<UL><LI> startup_s32k144.o(RESET)
</UL>
<P><STRONG><a name="[84]"></a>FTM3_Ch0_Ch1_IRQHandler</STRONG> (Thumb, 0 bytes, Stack size 0 bytes, startup_s32k144.o(.text))
<BR>[Address Reference Count : 1]<UL><LI> startup_s32k144.o(RESET)
</UL>
<P><STRONG><a name="[85]"></a>FTM3_Ch2_Ch3_IRQHandler</STRONG> (Thumb, 0 bytes, Stack size 0 bytes, startup_s32k144.o(.text))
<BR>[Address Reference Count : 1]<UL><LI> startup_s32k144.o(RESET)
</UL>
<P><STRONG><a name="[86]"></a>FTM3_Ch4_Ch5_IRQHandler</STRONG> (Thumb, 0 bytes, Stack size 0 bytes, startup_s32k144.o(.text))
<BR>[Address Reference Count : 1]<UL><LI> startup_s32k144.o(RESET)
</UL>
<P><STRONG><a name="[87]"></a>FTM3_Ch6_Ch7_IRQHandler</STRONG> (Thumb, 0 bytes, Stack size 0 bytes, startup_s32k144.o(.text))
<BR>[Address Reference Count : 1]<UL><LI> startup_s32k144.o(RESET)
</UL>
<P><STRONG><a name="[88]"></a>FTM3_Fault_IRQHandler</STRONG> (Thumb, 0 bytes, Stack size 0 bytes, startup_s32k144.o(.text))
<BR>[Address Reference Count : 1]<UL><LI> startup_s32k144.o(RESET)
</UL>
<P><STRONG><a name="[89]"></a>FTM3_Ovf_Reload_IRQHandler</STRONG> (Thumb, 0 bytes, Stack size 0 bytes, startup_s32k144.o(.text))
<BR>[Address Reference Count : 1]<UL><LI> startup_s32k144.o(RESET)
</UL>
<P><STRONG><a name="[27]"></a>LPI2C0_Master_IRQHandler</STRONG> (Thumb, 0 bytes, Stack size 0 bytes, startup_s32k144.o(.text))
<BR>[Address Reference Count : 1]<UL><LI> startup_s32k144.o(RESET)
</UL>
<P><STRONG><a name="[28]"></a>LPI2C0_Slave_IRQHandler</STRONG> (Thumb, 0 bytes, Stack size 0 bytes, startup_s32k144.o(.text))
<BR>[Address Reference Count : 1]<UL><LI> startup_s32k144.o(RESET)
</UL>
<P><STRONG><a name="[3f]"></a>LPIT0_Ch0_IRQHandler</STRONG> (Thumb, 0 bytes, Stack size 0 bytes, startup_s32k144.o(.text))
<BR>[Address Reference Count : 1]<UL><LI> startup_s32k144.o(RESET)
</UL>
<P><STRONG><a name="[40]"></a>LPIT0_Ch1_IRQHandler</STRONG> (Thumb, 0 bytes, Stack size 0 bytes, startup_s32k144.o(.text))
<BR>[Address Reference Count : 1]<UL><LI> startup_s32k144.o(RESET)
</UL>
<P><STRONG><a name="[41]"></a>LPIT0_Ch2_IRQHandler</STRONG> (Thumb, 0 bytes, Stack size 0 bytes, startup_s32k144.o(.text))
<BR>[Address Reference Count : 1]<UL><LI> startup_s32k144.o(RESET)
</UL>
<P><STRONG><a name="[42]"></a>LPIT0_Ch3_IRQHandler</STRONG> (Thumb, 0 bytes, Stack size 0 bytes, startup_s32k144.o(.text))
<BR>[Address Reference Count : 1]<UL><LI> startup_s32k144.o(RESET)
</UL>
<P><STRONG><a name="[29]"></a>LPSPI0_IRQHandler</STRONG> (Thumb, 0 bytes, Stack size 0 bytes, startup_s32k144.o(.text))
<BR>[Address Reference Count : 1]<UL><LI> startup_s32k144.o(RESET)
</UL>
<P><STRONG><a name="[2a]"></a>LPSPI1_IRQHandler</STRONG> (Thumb, 0 bytes, Stack size 0 bytes, startup_s32k144.o(.text))
<BR>[Address Reference Count : 1]<UL><LI> startup_s32k144.o(RESET)
</UL>
<P><STRONG><a name="[2b]"></a>LPSPI2_IRQHandler</STRONG> (Thumb, 0 bytes, Stack size 0 bytes, startup_s32k144.o(.text))
<BR>[Address Reference Count : 1]<UL><LI> startup_s32k144.o(RESET)
</UL>
<P><STRONG><a name="[49]"></a>LPTMR0_IRQHandler</STRONG> (Thumb, 0 bytes, Stack size 0 bytes, startup_s32k144.o(.text))
<BR>[Address Reference Count : 1]<UL><LI> startup_s32k144.o(RESET)
</UL>
<P><STRONG><a name="[2e]"></a>LPUART0_RxTx_IRQHandler</STRONG> (Thumb, 0 bytes, Stack size 0 bytes, startup_s32k144.o(.text))
<BR>[Address Reference Count : 1]<UL><LI> startup_s32k144.o(RESET)
</UL>
<P><STRONG><a name="[30]"></a>LPUART1_RxTx_IRQHandler</STRONG> (Thumb, 0 bytes, Stack size 0 bytes, startup_s32k144.o(.text))
<BR>[Address Reference Count : 1]<UL><LI> startup_s32k144.o(RESET)
</UL>
<P><STRONG><a name="[32]"></a>LPUART2_RxTx_IRQHandler</STRONG> (Thumb, 0 bytes, Stack size 0 bytes, startup_s32k144.o(.text))
<BR>[Address Reference Count : 1]<UL><LI> startup_s32k144.o(RESET)
</UL>
<P><STRONG><a name="[23]"></a>LVD_LVW_IRQHandler</STRONG> (Thumb, 0 bytes, Stack size 0 bytes, startup_s32k144.o(.text))
<BR>[Address Reference Count : 1]<UL><LI> startup_s32k144.o(RESET)
</UL>
<P><STRONG><a name="[20]"></a>MCM_IRQHandler</STRONG> (Thumb, 0 bytes, Stack size 0 bytes, startup_s32k144.o(.text))
<BR>[Address Reference Count : 1]<UL><LI> startup_s32k144.o(RESET)
</UL>
<P><STRONG><a name="[43]"></a>PDB0_IRQHandler</STRONG> (Thumb, 0 bytes, Stack size 0 bytes, startup_s32k144.o(.text))
<BR>[Address Reference Count : 1]<UL><LI> startup_s32k144.o(RESET)
</UL>
<P><STRONG><a name="[53]"></a>PDB1_IRQHandler</STRONG> (Thumb, 0 bytes, Stack size 0 bytes, startup_s32k144.o(.text))
<BR>[Address Reference Count : 1]<UL><LI> startup_s32k144.o(RESET)
</UL>
<P><STRONG><a name="[4a]"></a>PORTA_IRQHandler</STRONG> (Thumb, 0 bytes, Stack size 0 bytes, startup_s32k144.o(.text))
<BR>[Address Reference Count : 1]<UL><LI> startup_s32k144.o(RESET)
</UL>
<P><STRONG><a name="[4b]"></a>PORTB_IRQHandler</STRONG> (Thumb, 0 bytes, Stack size 0 bytes, startup_s32k144.o(.text))
<BR>[Address Reference Count : 1]<UL><LI> startup_s32k144.o(RESET)
</UL>
<P><STRONG><a name="[4c]"></a>PORTC_IRQHandler</STRONG> (Thumb, 0 bytes, Stack size 0 bytes, startup_s32k144.o(.text))
<BR>[Address Reference Count : 1]<UL><LI> startup_s32k144.o(RESET)
</UL>
<P><STRONG><a name="[4d]"></a>PORTD_IRQHandler</STRONG> (Thumb, 0 bytes, Stack size 0 bytes, startup_s32k144.o(.text))
<BR>[Address Reference Count : 1]<UL><LI> startup_s32k144.o(RESET)
</UL>
<P><STRONG><a name="[4e]"></a>PORTE_IRQHandler</STRONG> (Thumb, 0 bytes, Stack size 0 bytes, startup_s32k144.o(.text))
<BR>[Address Reference Count : 1]<UL><LI> startup_s32k144.o(RESET)
</UL>
<P><STRONG><a name="[26]"></a>RCM_IRQHandler</STRONG> (Thumb, 0 bytes, Stack size 0 bytes, startup_s32k144.o(.text))
<BR>[Address Reference Count : 1]<UL><LI> startup_s32k144.o(RESET)
</UL>
<P><STRONG><a name="[3d]"></a>RTC_IRQHandler</STRONG> (Thumb, 0 bytes, Stack size 0 bytes, startup_s32k144.o(.text))
<BR>[Address Reference Count : 1]<UL><LI> startup_s32k144.o(RESET)
</UL>
<P><STRONG><a name="[3e]"></a>RTC_Seconds_IRQHandler</STRONG> (Thumb, 0 bytes, Stack size 0 bytes, startup_s32k144.o(.text))
<BR>[Address Reference Count : 1]<UL><LI> startup_s32k144.o(RESET)
</UL>
<P><STRONG><a name="[22]"></a>Read_Collision_IRQHandler</STRONG> (Thumb, 0 bytes, Stack size 0 bytes, startup_s32k144.o(.text))
<BR>[Address Reference Count : 1]<UL><LI> startup_s32k144.o(RESET)
</UL>
<P><STRONG><a name="[63]"></a>Reserved100_IRQHandler</STRONG> (Thumb, 0 bytes, Stack size 0 bytes, startup_s32k144.o(.text))
<BR>[Address Reference Count : 1]<UL><LI> startup_s32k144.o(RESET)
</UL>
<P><STRONG><a name="[66]"></a>Reserved103_IRQHandler</STRONG> (Thumb, 0 bytes, Stack size 0 bytes, startup_s32k144.o(.text))
<BR>[Address Reference Count : 1]<UL><LI> startup_s32k144.o(RESET)
</UL>
<P><STRONG><a name="[68]"></a>Reserved105_IRQHandler</STRONG> (Thumb, 0 bytes, Stack size 0 bytes, startup_s32k144.o(.text))
<BR>[Address Reference Count : 1]<UL><LI> startup_s32k144.o(RESET)
</UL>
<P><STRONG><a name="[69]"></a>Reserved106_IRQHandler</STRONG> (Thumb, 0 bytes, Stack size 0 bytes, startup_s32k144.o(.text))
<BR>[Address Reference Count : 1]<UL><LI> startup_s32k144.o(RESET)
</UL>
<P><STRONG><a name="[6a]"></a>Reserved107_IRQHandler</STRONG> (Thumb, 0 bytes, Stack size 0 bytes, startup_s32k144.o(.text))
<BR>[Address Reference Count : 1]<UL><LI> startup_s32k144.o(RESET)
</UL>
<P><STRONG><a name="[6d]"></a>Reserved110_IRQHandler</STRONG> (Thumb, 0 bytes, Stack size 0 bytes, startup_s32k144.o(.text))
<BR>[Address Reference Count : 1]<UL><LI> startup_s32k144.o(RESET)
</UL>
<P><STRONG><a name="[6f]"></a>Reserved112_IRQHandler</STRONG> (Thumb, 0 bytes, Stack size 0 bytes, startup_s32k144.o(.text))
<BR>[Address Reference Count : 1]<UL><LI> startup_s32k144.o(RESET)
</UL>
<P><STRONG><a name="[70]"></a>Reserved113_IRQHandler</STRONG> (Thumb, 0 bytes, Stack size 0 bytes, startup_s32k144.o(.text))
<BR>[Address Reference Count : 1]<UL><LI> startup_s32k144.o(RESET)
</UL>
<P><STRONG><a name="[71]"></a>Reserved114_IRQHandler</STRONG> (Thumb, 0 bytes, Stack size 0 bytes, startup_s32k144.o(.text))
<BR>[Address Reference Count : 1]<UL><LI> startup_s32k144.o(RESET)
</UL>
<P><STRONG><a name="[2c]"></a>Reserved45_IRQHandler</STRONG> (Thumb, 0 bytes, Stack size 0 bytes, startup_s32k144.o(.text))
<BR>[Address Reference Count : 1]<UL><LI> startup_s32k144.o(RESET)
</UL>
<P><STRONG><a name="[2d]"></a>Reserved46_IRQHandler</STRONG> (Thumb, 0 bytes, Stack size 0 bytes, startup_s32k144.o(.text))
<BR>[Address Reference Count : 1]<UL><LI> startup_s32k144.o(RESET)
</UL>
<P><STRONG><a name="[2f]"></a>Reserved48_IRQHandler</STRONG> (Thumb, 0 bytes, Stack size 0 bytes, startup_s32k144.o(.text))
<BR>[Address Reference Count : 1]<UL><LI> startup_s32k144.o(RESET)
</UL>
<P><STRONG><a name="[31]"></a>Reserved50_IRQHandler</STRONG> (Thumb, 0 bytes, Stack size 0 bytes, startup_s32k144.o(.text))
<BR>[Address Reference Count : 1]<UL><LI> startup_s32k144.o(RESET)
</UL>
<P><STRONG><a name="[33]"></a>Reserved52_IRQHandler</STRONG> (Thumb, 0 bytes, Stack size 0 bytes, startup_s32k144.o(.text))
<BR>[Address Reference Count : 1]<UL><LI> startup_s32k144.o(RESET)
</UL>
<P><STRONG><a name="[34]"></a>Reserved53_IRQHandler</STRONG> (Thumb, 0 bytes, Stack size 0 bytes, startup_s32k144.o(.text))
<BR>[Address Reference Count : 1]<UL><LI> startup_s32k144.o(RESET)
</UL>
<P><STRONG><a name="[35]"></a>Reserved54_IRQHandler</STRONG> (Thumb, 0 bytes, Stack size 0 bytes, startup_s32k144.o(.text))
<BR>[Address Reference Count : 1]<UL><LI> startup_s32k144.o(RESET)
</UL>
<P><STRONG><a name="[39]"></a>Reserved58_IRQHandler</STRONG> (Thumb, 0 bytes, Stack size 0 bytes, startup_s32k144.o(.text))
<BR>[Address Reference Count : 1]<UL><LI> startup_s32k144.o(RESET)
</UL>
<P><STRONG><a name="[3a]"></a>Reserved59_IRQHandler</STRONG> (Thumb, 0 bytes, Stack size 0 bytes, startup_s32k144.o(.text))
<BR>[Address Reference Count : 1]<UL><LI> startup_s32k144.o(RESET)
</UL>
<P><STRONG><a name="[44]"></a>Reserved69_IRQHandler</STRONG> (Thumb, 0 bytes, Stack size 0 bytes, startup_s32k144.o(.text))
<BR>[Address Reference Count : 1]<UL><LI> startup_s32k144.o(RESET)
</UL>
<P><STRONG><a name="[45]"></a>Reserved70_IRQHandler</STRONG> (Thumb, 0 bytes, Stack size 0 bytes, startup_s32k144.o(.text))
<BR>[Address Reference Count : 1]<UL><LI> startup_s32k144.o(RESET)
</UL>
<P><STRONG><a name="[46]"></a>Reserved71_IRQHandler</STRONG> (Thumb, 0 bytes, Stack size 0 bytes, startup_s32k144.o(.text))
<BR>[Address Reference Count : 1]<UL><LI> startup_s32k144.o(RESET)
</UL>
<P><STRONG><a name="[47]"></a>Reserved72_IRQHandler</STRONG> (Thumb, 0 bytes, Stack size 0 bytes, startup_s32k144.o(.text))
<BR>[Address Reference Count : 1]<UL><LI> startup_s32k144.o(RESET)
</UL>
<P><STRONG><a name="[50]"></a>Reserved81_IRQHandler</STRONG> (Thumb, 0 bytes, Stack size 0 bytes, startup_s32k144.o(.text))
<BR>[Address Reference Count : 1]<UL><LI> startup_s32k144.o(RESET)
</UL>
<P><STRONG><a name="[51]"></a>Reserved82_IRQHandler</STRONG> (Thumb, 0 bytes, Stack size 0 bytes, startup_s32k144.o(.text))
<BR>[Address Reference Count : 1]<UL><LI> startup_s32k144.o(RESET)
</UL>
<P><STRONG><a name="[52]"></a>Reserved83_IRQHandler</STRONG> (Thumb, 0 bytes, Stack size 0 bytes, startup_s32k144.o(.text))
<BR>[Address Reference Count : 1]<UL><LI> startup_s32k144.o(RESET)
</UL>
<P><STRONG><a name="[55]"></a>Reserved86_IRQHandler</STRONG> (Thumb, 0 bytes, Stack size 0 bytes, startup_s32k144.o(.text))
<BR>[Address Reference Count : 1]<UL><LI> startup_s32k144.o(RESET)
</UL>
<P><STRONG><a name="[56]"></a>Reserved87_IRQHandler</STRONG> (Thumb, 0 bytes, Stack size 0 bytes, startup_s32k144.o(.text))
<BR>[Address Reference Count : 1]<UL><LI> startup_s32k144.o(RESET)
</UL>
<P><STRONG><a name="[57]"></a>Reserved88_IRQHandler</STRONG> (Thumb, 0 bytes, Stack size 0 bytes, startup_s32k144.o(.text))
<BR>[Address Reference Count : 1]<UL><LI> startup_s32k144.o(RESET)
</UL>
<P><STRONG><a name="[58]"></a>Reserved89_IRQHandler</STRONG> (Thumb, 0 bytes, Stack size 0 bytes, startup_s32k144.o(.text))
<BR>[Address Reference Count : 1]<UL><LI> startup_s32k144.o(RESET)
</UL>
<P><STRONG><a name="[59]"></a>Reserved90_IRQHandler</STRONG> (Thumb, 0 bytes, Stack size 0 bytes, startup_s32k144.o(.text))
<BR>[Address Reference Count : 1]<UL><LI> startup_s32k144.o(RESET)
</UL>
<P><STRONG><a name="[5a]"></a>Reserved91_IRQHandler</STRONG> (Thumb, 0 bytes, Stack size 0 bytes, startup_s32k144.o(.text))
<BR>[Address Reference Count : 1]<UL><LI> startup_s32k144.o(RESET)
</UL>
<P><STRONG><a name="[5b]"></a>Reserved92_IRQHandler</STRONG> (Thumb, 0 bytes, Stack size 0 bytes, startup_s32k144.o(.text))
<BR>[Address Reference Count : 1]<UL><LI> startup_s32k144.o(RESET)
</UL>
<P><STRONG><a name="[5c]"></a>Reserved93_IRQHandler</STRONG> (Thumb, 0 bytes, Stack size 0 bytes, startup_s32k144.o(.text))
<BR>[Address Reference Count : 1]<UL><LI> startup_s32k144.o(RESET)
</UL>
<P><STRONG><a name="[62]"></a>Reserved99_IRQHandler</STRONG> (Thumb, 0 bytes, Stack size 0 bytes, startup_s32k144.o(.text))
<BR>[Address Reference Count : 1]<UL><LI> startup_s32k144.o(RESET)
</UL>
<P><STRONG><a name="[48]"></a>SCG_IRQHandler</STRONG> (Thumb, 0 bytes, Stack size 0 bytes, startup_s32k144.o(.text))
<BR>[Address Reference Count : 1]<UL><LI> startup_s32k144.o(RESET)
</UL>
<P><STRONG><a name="[4f]"></a>SWI_IRQHandler</STRONG> (Thumb, 0 bytes, Stack size 0 bytes, startup_s32k144.o(.text))
<BR>[Address Reference Count : 1]<UL><LI> startup_s32k144.o(RESET)
</UL>
<P><STRONG><a name="[25]"></a>WDOG_EWM_IRQHandler</STRONG> (Thumb, 0 bytes, Stack size 0 bytes, startup_s32k144.o(.text))
<BR>[Address Reference Count : 1]<UL><LI> startup_s32k144.o(RESET)
</UL>
<P><STRONG><a name="[9a]"></a>exit</STRONG> (Thumb, 18 bytes, Stack size 8 bytes, exit.o(.text))
<BR><BR>[Stack]<UL><LI>Max Depth = 8 + Unknown Stack Size
<LI>Call Chain = exit
</UL>
<BR>[Calls]<UL><LI><a href="#[9f]">&gt;&gt;</a>&nbsp;&nbsp;&nbsp;__rt_exit
</UL>
<BR>[Called By]<UL><LI><a href="#[98]">&gt;&gt;</a>&nbsp;&nbsp;&nbsp;__rt_entry_main
</UL>

<P><STRONG><a name="[c7]"></a>__I$use$semihosting</STRONG> (Thumb, 0 bytes, Stack size 0 bytes, use_no_semi.o(.text), UNUSED)

<P><STRONG><a name="[c8]"></a>__use_no_semihosting_swi</STRONG> (Thumb, 2 bytes, Stack size 0 bytes, use_no_semi.o(.text), UNUSED)

<P><STRONG><a name="[c9]"></a>__semihosting_library_function</STRONG> (Thumb, 0 bytes, Stack size 0 bytes, indicate_semi.o(.text), UNUSED)

<P><STRONG><a name="[9e]"></a>_sys_exit</STRONG> (Thumb, 8 bytes, Stack size 0 bytes, sys_exit.o(.text))
<BR><BR>[Called By]<UL><LI><a href="#[9d]">&gt;&gt;</a>&nbsp;&nbsp;&nbsp;__rt_exit_exit
</UL>

<P><STRONG><a name="[a1]"></a>CANInit</STRONG> (Thumb, 448 bytes, Stack size 16 bytes, drvcan.o(i.CANInit))
<BR><BR>[Stack]<UL><LI>Max Depth = 16<LI>Call Chain = CANInit
</UL>
<BR>[Called By]<UL><LI><a href="#[99]">&gt;&gt;</a>&nbsp;&nbsp;&nbsp;main
</UL>

<P><STRONG><a name="[a3]"></a>CANRecData</STRONG> (Thumb, 118 bytes, Stack size 16 bytes, drvcan.o(i.CANRecData))
<BR><BR>[Stack]<UL><LI>Max Depth = 16<LI>Call Chain = CANRecData
</UL>
<BR>[Called By]<UL><LI><a href="#[99]">&gt;&gt;</a>&nbsp;&nbsp;&nbsp;main
</UL>

<P><STRONG><a name="[a4]"></a>CANSendData</STRONG> (Thumb, 402 bytes, Stack size 24 bytes, drvcan.o(i.CANSendData))
<BR><BR>[Stack]<UL><LI>Max Depth = 24<LI>Call Chain = CANSendData
</UL>
<BR>[Called By]<UL><LI><a href="#[99]">&gt;&gt;</a>&nbsp;&nbsp;&nbsp;main
</UL>

<P><STRONG><a name="[a0]"></a>GPIO_enable_port</STRONG> (Thumb, 30 bytes, Stack size 0 bytes, drvgpio.o(i.GPIO_enable_port))
<BR><BR>[Called By]<UL><LI><a href="#[99]">&gt;&gt;</a>&nbsp;&nbsp;&nbsp;main
</UL>

<P><STRONG><a name="[a2]"></a>PINS_GPIO_WritePin</STRONG> (Thumb, 48 bytes, Stack size 12 bytes, drvgpio.o(i.PINS_GPIO_WritePin))
<BR><BR>[Stack]<UL><LI>Max Depth = 12<LI>Call Chain = PINS_GPIO_WritePin
</UL>
<BR>[Called By]<UL><LI><a href="#[99]">&gt;&gt;</a>&nbsp;&nbsp;&nbsp;main
</UL>

<P><STRONG><a name="[2]"></a>SystemInit</STRONG> (Thumb, 48 bytes, Stack size 0 bytes, system_s32k144.o(i.SystemInit))
<BR>[Address Reference Count : 1]<UL><LI> startup_s32k144.o(.text)
</UL>
<P><STRONG><a name="[3]"></a>init_data_bss</STRONG> (Thumb, 68 bytes, Stack size 8 bytes, startup.o(i.init_data_bss))
<BR><BR>[Stack]<UL><LI>Max Depth = 8<LI>Call Chain = init_data_bss
</UL>
<BR>[Address Reference Count : 1]<UL><LI> startup_s32k144.o(.text)
</UL>
<P><STRONG><a name="[99]"></a>main</STRONG> (Thumb, 202 bytes, Stack size 8 bytes, main.o(i.main))
<BR><BR>[Stack]<UL><LI>Max Depth = 32<LI>Call Chain = main &rArr; CANSendData
</UL>
<BR>[Calls]<UL><LI><a href="#[a2]">&gt;&gt;</a>&nbsp;&nbsp;&nbsp;PINS_GPIO_WritePin
<LI><a href="#[a0]">&gt;&gt;</a>&nbsp;&nbsp;&nbsp;GPIO_enable_port
<LI><a href="#[8c]">&gt;&gt;</a>&nbsp;&nbsp;&nbsp;Clock_Config (via Veneer)
<LI><a href="#[a4]">&gt;&gt;</a>&nbsp;&nbsp;&nbsp;CANSendData
<LI><a href="#[a3]">&gt;&gt;</a>&nbsp;&nbsp;&nbsp;CANRecData
<LI><a href="#[a1]">&gt;&gt;</a>&nbsp;&nbsp;&nbsp;CANInit
</UL>
<BR>[Called By]<UL><LI><a href="#[98]">&gt;&gt;</a>&nbsp;&nbsp;&nbsp;__rt_entry_main
</UL>

<P><STRONG><a name="[95]"></a>_fp_init</STRONG> (Thumb, 10 bytes, Stack size 0 bytes, fpinit.o(x$fpl$fpinit))
<BR><BR>[Called By]<UL><LI><a href="#[94]">&gt;&gt;</a>&nbsp;&nbsp;&nbsp;__rt_lib_init_fp_1
</UL>

<P><STRONG><a name="[ca]"></a>__fplib_config_fpu_vfp</STRONG> (Thumb, 0 bytes, Stack size unknown bytes, fpinit.o(x$fpl$fpinit), UNUSED)

<P><STRONG><a name="[cb]"></a>__fplib_config_pureend_doubles</STRONG> (Thumb, 0 bytes, Stack size unknown bytes, fpinit.o(x$fpl$fpinit), UNUSED)

<P><STRONG><a name="[8c]"></a>Clock_Config</STRONG> (Thumb, 16 bytes, Stack size 4 bytes, drvflash.o(i.Clock_Config))
<BR><BR>[Stack]<UL><LI>Max Depth = 4<LI>Call Chain = Clock_Config
</UL>
<BR>[Calls]<UL><LI><a href="#[8e]">&gt;&gt;</a>&nbsp;&nbsp;&nbsp;SPLL_init_160MHz
<LI><a href="#[8d]">&gt;&gt;</a>&nbsp;&nbsp;&nbsp;SOSC_init_8MHz
<LI><a href="#[8f]">&gt;&gt;</a>&nbsp;&nbsp;&nbsp;NormalRUNmode_80MHz
</UL>
<BR>[Called By]<UL><LI><a href="#[99]">&gt;&gt;</a>&nbsp;&nbsp;&nbsp;main (via Veneer)
</UL>

<P><STRONG><a name="[8f]"></a>NormalRUNmode_80MHz</STRONG> (Thumb, 22 bytes, Stack size 0 bytes, drvflash.o(i.NormalRUNmode_80MHz))
<BR><BR>[Called By]<UL><LI><a href="#[8c]">&gt;&gt;</a>&nbsp;&nbsp;&nbsp;Clock_Config
</UL>

<P><STRONG><a name="[8d]"></a>SOSC_init_8MHz</STRONG> (Thumb, 58 bytes, Stack size 0 bytes, drvflash.o(i.SOSC_init_8MHz))
<BR><BR>[Called By]<UL><LI><a href="#[8c]">&gt;&gt;</a>&nbsp;&nbsp;&nbsp;Clock_Config
</UL>

<P><STRONG><a name="[8e]"></a>SPLL_init_160MHz</STRONG> (Thumb, 70 bytes, Stack size 0 bytes, drvflash.o(i.SPLL_init_160MHz))
<BR><BR>[Called By]<UL><LI><a href="#[8c]">&gt;&gt;</a>&nbsp;&nbsp;&nbsp;Clock_Config
</UL>
<P>
<H3>
Local Symbols
</H3><P>
<H3>
Undefined Global Symbols
</H3><HR></body></html>
