Component: ARM Compiler 5.06 update 6 (build 750) Tool: armlink [4d35ed]

==============================================================================

Section Cross References

    drvflash.o(i.Clock_Config) refers to drvflash.o(i.SOSC_init_8MHz) for SOSC_init_8MHz
    drvflash.o(i.Clock_Config) refers to drvflash.o(i.SPLL_init_160MHz) for SPLL_init_160MHz
    drvflash.o(i.Clock_Config) refers to drvflash.o(i.NormalRUNmode_80MHz) for NormalRUNmode_80MHz
    drvflash.o(i.FLASH_Update) refers to drvflash.o(i.FLASH_Erase_OneSector) for FLASH_Erase_OneSector
    drvflash.o(i.FLASH_Update) refers to drvflash.o(i.Flash_Write_1024B) for Flash_Write_1024B
    drvflash.o(i.FLASH_Update) refers to drvflash.o(.data) for Erase_Flag1
    drvflash.o(i.FLASH_Update) refers to drvflash.o(.bss) for buf_updata
    drvflash.o(i.Flash_Write_1024B) refers to drvflash.o(i.Flash_Write) for Flash_Write
    drvflash.o(i.Flash_Write_OneSector) refers to drvflash.o(i.Flash_Write) for Flash_Write
    drvgpio.o(i.SystemCoreClockSet) refers to drvgpio.o(i.syscloption) for syscloption
    drvgpio.o(i.SystemCoreClockSet) refers to drvgpio.o(.data) for Gmcgpll
    drvgpio.o(i.syscloption) refers to drvgpio.o(.data) for Gmcgpll
    main.o(i.main) refers to drvflash.o(i.Clock_Config) for Clock_Config
    main.o(i.main) refers to drvgpio.o(i.GPIO_enable_port) for GPIO_enable_port
    main.o(i.main) refers to drvcan.o(i.CANInit) for CANInit
    main.o(i.main) refers to drvgpio.o(i.PINS_GPIO_WritePin) for PINS_GPIO_WritePin
    main.o(i.main) refers to drvcan.o(i.CANRecData) for CANRecData
    main.o(i.main) refers to drvcan.o(i.CANSendData) for CANSendData
    main.o(i.main) refers to main.o(.data) for RXData0
    startup.o(i.init_data_bss) refers to startup.o(.constdata) for .constdata
    startup_s32k144.o(RESET) refers to startup_s32k144.o(.text) for Reset_Handler
    startup_s32k144.o(.text) refers to startup_s32k144.o(FlashConfig) for FlashConfig
    startup_s32k144.o(.text) refers to system_s32k144.o(i.SystemInit) for SystemInit
    startup_s32k144.o(.text) refers to startup.o(i.init_data_bss) for init_data_bss
    startup_s32k144.o(.text) refers to __main.o(!!!main) for __main
    system_s32k144.o(i.SystemCoreClockUpdate) refers to system_s32k144.o(.constdata) for fircFreq
    system_s32k144.o(i.SystemCoreClockUpdate) refers to drvgpio.o(.data) for SystemCoreClock
    __main.o(!!!main) refers to __rtentry.o(.ARM.Collect$$rtentry$$00000000) for __rt_entry
    __rtentry.o(.ARM.Collect$$rtentry$$00000000) refers (Special) to __rtentry2.o(.ARM.Collect$$rtentry$$0000000A) for __rt_entry_li
    __rtentry.o(.ARM.Collect$$rtentry$$00000000) refers (Special) to __rtentry2.o(.ARM.Collect$$rtentry$$0000000D) for __rt_entry_main
    __rtentry.o(.ARM.Collect$$rtentry$$00000000) refers (Special) to __rtentry2.o(.ARM.Collect$$rtentry$$0000000C) for __rt_entry_postli_1
    __rtentry.o(.ARM.Collect$$rtentry$$00000000) refers (Special) to __rtentry2.o(.ARM.Collect$$rtentry$$00000009) for __rt_entry_postsh_1
    __rtentry.o(.ARM.Collect$$rtentry$$00000000) refers (Special) to __rtentry2.o(.ARM.Collect$$rtentry$$00000002) for __rt_entry_presh_1
    __rtentry.o(.ARM.Collect$$rtentry$$00000000) refers (Special) to __rtentry7.o(.ARM.Collect$$rtentry$$00000007) for __rt_entry_sh
    __rtentry2.o(.ARM.Collect$$rtentry$$00000008) refers to boardinit2.o(.text) for _platform_post_stackheap_init
    __rtentry2.o(.ARM.Collect$$rtentry$$0000000A) refers to libinit.o(.ARM.Collect$$libinit$$00000000) for __rt_lib_init
    __rtentry2.o(.ARM.Collect$$rtentry$$0000000B) refers to boardinit3.o(.text) for _platform_post_lib_init
    __rtentry2.o(.ARM.Collect$$rtentry$$0000000D) refers to main.o(i.main) for main
    __rtentry2.o(.ARM.Collect$$rtentry$$0000000D) refers to exit.o(.text) for exit
    __rtentry2.o(.ARM.exidx) refers to __rtentry2.o(.ARM.Collect$$rtentry$$00000001) for .ARM.Collect$$rtentry$$00000001
    __rtentry2.o(.ARM.exidx) refers to __rtentry2.o(.ARM.Collect$$rtentry$$00000008) for .ARM.Collect$$rtentry$$00000008
    __rtentry2.o(.ARM.exidx) refers to __rtentry2.o(.ARM.Collect$$rtentry$$0000000A) for .ARM.Collect$$rtentry$$0000000A
    __rtentry2.o(.ARM.exidx) refers to __rtentry2.o(.ARM.Collect$$rtentry$$0000000B) for .ARM.Collect$$rtentry$$0000000B
    __rtentry2.o(.ARM.exidx) refers to __rtentry2.o(.ARM.Collect$$rtentry$$0000000D) for .ARM.Collect$$rtentry$$0000000D
    __rtentry4.o(.ARM.Collect$$rtentry$$00000004) refers to sys_stackheap_outer.o(.text) for __user_setup_stackheap
    __rtentry4.o(.ARM.exidx) refers to __rtentry4.o(.ARM.Collect$$rtentry$$00000004) for .ARM.Collect$$rtentry$$00000004
    __rtentry7.o(.ARM.Collect$$rtentry$$00000007) refers to __rtentry7.o(.ARM.Collect$$rtentry$$00002718) for __lit__00000000
    __rtentry7.o(__vectab_stack_and_reset_2_area) refers to __main.o(!!!main) for __main
    __rtentry7.o(.ARM.exidx) refers to __rtentry7.o(.ARM.Collect$$rtentry$$00000007) for .ARM.Collect$$rtentry$$00000007
    __rtentry7.o(.ARM.exidx) refers to __rtentry7.o(.ARM.Collect$$rtentry$$00002718) for .ARM.Collect$$rtentry$$00002718
    sys_stackheap_outer.o(.text) refers to libspace.o(.text) for __user_perproc_libspace
    sys_stackheap_outer.o(.text) refers to sys_stackheap.o(.text) for __user_initial_stackheap
    exit.o(.text) refers to rtexit.o(.ARM.Collect$$rtexit$$00000000) for __rt_exit
    libinit.o(.ARM.Collect$$libinit$$00000000) refers (Special) to libinit2.o(.ARM.Collect$$libinit$$0000002E) for __rt_lib_init_alloca_1
    libinit.o(.ARM.Collect$$libinit$$00000000) refers (Special) to libinit2.o(.ARM.Collect$$libinit$$0000002C) for __rt_lib_init_argv_1
    libinit.o(.ARM.Collect$$libinit$$00000000) refers (Special) to libinit2.o(.ARM.Collect$$libinit$$0000001B) for __rt_lib_init_atexit_1
    libinit.o(.ARM.Collect$$libinit$$00000000) refers (Special) to libinit2.o(.ARM.Collect$$libinit$$00000021) for __rt_lib_init_clock_1
    libinit.o(.ARM.Collect$$libinit$$00000000) refers (Special) to libinit2.o(.ARM.Collect$$libinit$$00000032) for __rt_lib_init_cpp_1
    libinit.o(.ARM.Collect$$libinit$$00000000) refers (Special) to libinit2.o(.ARM.Collect$$libinit$$00000030) for __rt_lib_init_exceptions_1
    libinit.o(.ARM.Collect$$libinit$$00000000) refers (Special) to libinit2.o(.ARM.Collect$$libinit$$00000001) for __rt_lib_init_fp_1
    libinit.o(.ARM.Collect$$libinit$$00000000) refers (Special) to libinit2.o(.ARM.Collect$$libinit$$0000001F) for __rt_lib_init_fp_trap_1
    libinit.o(.ARM.Collect$$libinit$$00000000) refers (Special) to libinit2.o(.ARM.Collect$$libinit$$00000023) for __rt_lib_init_getenv_1
    libinit.o(.ARM.Collect$$libinit$$00000000) refers (Special) to libinit2.o(.ARM.Collect$$libinit$$0000000A) for __rt_lib_init_heap_1
    libinit.o(.ARM.Collect$$libinit$$00000000) refers (Special) to libinit2.o(.ARM.Collect$$libinit$$00000011) for __rt_lib_init_lc_collate_1
    libinit.o(.ARM.Collect$$libinit$$00000000) refers (Special) to libinit2.o(.ARM.Collect$$libinit$$00000013) for __rt_lib_init_lc_ctype_1
    libinit.o(.ARM.Collect$$libinit$$00000000) refers (Special) to libinit2.o(.ARM.Collect$$libinit$$00000015) for __rt_lib_init_lc_monetary_1
    libinit.o(.ARM.Collect$$libinit$$00000000) refers (Special) to libinit2.o(.ARM.Collect$$libinit$$00000017) for __rt_lib_init_lc_numeric_1
    libinit.o(.ARM.Collect$$libinit$$00000000) refers (Special) to libinit2.o(.ARM.Collect$$libinit$$00000019) for __rt_lib_init_lc_time_1
    libinit.o(.ARM.Collect$$libinit$$00000000) refers (Special) to libinit2.o(.ARM.Collect$$libinit$$00000004) for __rt_lib_init_preinit_1
    libinit.o(.ARM.Collect$$libinit$$00000000) refers (Special) to libinit2.o(.ARM.Collect$$libinit$$0000000E) for __rt_lib_init_rand_1
    libinit.o(.ARM.Collect$$libinit$$00000000) refers (Special) to libinit2.o(.ARM.Collect$$libinit$$00000033) for __rt_lib_init_return
    libinit.o(.ARM.Collect$$libinit$$00000000) refers (Special) to libinit2.o(.ARM.Collect$$libinit$$0000001D) for __rt_lib_init_signal_1
    libinit.o(.ARM.Collect$$libinit$$00000000) refers (Special) to libinit2.o(.ARM.Collect$$libinit$$00000025) for __rt_lib_init_stdio_1
    libinit.o(.ARM.Collect$$libinit$$00000000) refers (Special) to libinit2.o(.ARM.Collect$$libinit$$0000000C) for __rt_lib_init_user_alloc_1
    libspace.o(.text) refers to libspace.o(.bss) for __libspace_start
    sys_stackheap.o(.text) refers (Special) to indicate_semi.o(.text) for __semihosting_library_function
    sys_stackheap.o(.text) refers to use_no_semi.o(.text) for __I$use$semihosting
    rtexit.o(.ARM.Collect$$rtexit$$00000000) refers (Special) to rtexit2.o(.ARM.Collect$$rtexit$$00000004) for __rt_exit_exit
    rtexit.o(.ARM.Collect$$rtexit$$00000000) refers (Special) to rtexit2.o(.ARM.Collect$$rtexit$$00000003) for __rt_exit_ls
    rtexit.o(.ARM.Collect$$rtexit$$00000000) refers (Special) to rtexit2.o(.ARM.Collect$$rtexit$$00000002) for __rt_exit_prels_1
    rtexit.o(.ARM.exidx) refers (Special) to rtexit2.o(.ARM.Collect$$rtexit$$00000004) for __rt_exit_exit
    rtexit.o(.ARM.exidx) refers (Special) to rtexit2.o(.ARM.Collect$$rtexit$$00000003) for __rt_exit_ls
    rtexit.o(.ARM.exidx) refers (Special) to rtexit2.o(.ARM.Collect$$rtexit$$00000002) for __rt_exit_prels_1
    rtexit.o(.ARM.exidx) refers to rtexit.o(.ARM.Collect$$rtexit$$00000000) for .ARM.Collect$$rtexit$$00000000
    libinit2.o(.ARM.Collect$$libinit$$00000001) refers to fpinit.o(x$fpl$fpinit) for _fp_init
    libinit2.o(.ARM.Collect$$libinit$$00000010) refers to libinit2.o(.ARM.Collect$$libinit$$0000000F) for .ARM.Collect$$libinit$$0000000F
    libinit2.o(.ARM.Collect$$libinit$$00000012) refers to libinit2.o(.ARM.Collect$$libinit$$0000000F) for .ARM.Collect$$libinit$$0000000F
    libinit2.o(.ARM.Collect$$libinit$$00000014) refers to libinit2.o(.ARM.Collect$$libinit$$0000000F) for .ARM.Collect$$libinit$$0000000F
    libinit2.o(.ARM.Collect$$libinit$$00000016) refers to libinit2.o(.ARM.Collect$$libinit$$0000000F) for .ARM.Collect$$libinit$$0000000F
    libinit2.o(.ARM.Collect$$libinit$$00000018) refers to libinit2.o(.ARM.Collect$$libinit$$0000000F) for .ARM.Collect$$libinit$$0000000F
    libinit2.o(.ARM.Collect$$libinit$$00000026) refers to argv_veneer.o(.emb_text) for __ARM_argv_veneer
    libinit2.o(.ARM.Collect$$libinit$$00000027) refers to argv_veneer.o(.emb_text) for __ARM_argv_veneer
    libinit5.o(.ARM.Collect$$libinit$$00000008) refers to libinit5.o(.ARM.Collect$$libinit$$00002719) for __lit__00000000
    libinit5.o(.ARM.Collect$$libinit$$0000002A) refers to libinit5.o(.ARM.Collect$$libinit$$0000273B) for __lit__00000002
    libinit5.o(.ARM.Collect$$libinit$$0000002A) refers to argv_veneer.o(.emb_text) for __ARM_argv_veneer
    rtexit2.o(.ARM.Collect$$rtexit$$00000003) refers to libshutdown.o(.ARM.Collect$$libshutdown$$00000000) for __rt_lib_shutdown
    rtexit2.o(.ARM.Collect$$rtexit$$00000004) refers to sys_exit.o(.text) for _sys_exit
    rtexit2.o(.ARM.exidx) refers to rtexit2.o(.ARM.Collect$$rtexit$$00000001) for .ARM.Collect$$rtexit$$00000001
    rtexit2.o(.ARM.exidx) refers to rtexit2.o(.ARM.Collect$$rtexit$$00000003) for .ARM.Collect$$rtexit$$00000003
    rtexit2.o(.ARM.exidx) refers to rtexit2.o(.ARM.Collect$$rtexit$$00000004) for .ARM.Collect$$rtexit$$00000004
    argv_veneer.o(.emb_text) refers to no_argv.o(.text) for __ARM_get_argv
    sys_exit.o(.text) refers (Special) to use_no_semi.o(.text) for __I$use$semihosting
    sys_exit.o(.text) refers (Special) to indicate_semi.o(.text) for __semihosting_library_function
    _get_argv_nomalloc.o(.text) refers (Special) to hrguard.o(.text) for __heap_region$guard
    _get_argv_nomalloc.o(.text) refers to defsig_rtmem_outer.o(.text) for __rt_SIGRTMEM
    _get_argv_nomalloc.o(.text) refers to sys_command.o(.text) for _sys_command_string
    libshutdown.o(.ARM.Collect$$libshutdown$$00000000) refers (Special) to libshutdown2.o(.ARM.Collect$$libshutdown$$00000002) for __rt_lib_shutdown_cpp_1
    libshutdown.o(.ARM.Collect$$libshutdown$$00000000) refers (Special) to libshutdown2.o(.ARM.Collect$$libshutdown$$00000007) for __rt_lib_shutdown_fp_trap_1
    libshutdown.o(.ARM.Collect$$libshutdown$$00000000) refers (Special) to libshutdown2.o(.ARM.Collect$$libshutdown$$0000000F) for __rt_lib_shutdown_heap_1
    libshutdown.o(.ARM.Collect$$libshutdown$$00000000) refers (Special) to libshutdown2.o(.ARM.Collect$$libshutdown$$00000010) for __rt_lib_shutdown_return
    libshutdown.o(.ARM.Collect$$libshutdown$$00000000) refers (Special) to libshutdown2.o(.ARM.Collect$$libshutdown$$0000000A) for __rt_lib_shutdown_signal_1
    libshutdown.o(.ARM.Collect$$libshutdown$$00000000) refers (Special) to libshutdown2.o(.ARM.Collect$$libshutdown$$00000004) for __rt_lib_shutdown_stdio_1
    libshutdown.o(.ARM.Collect$$libshutdown$$00000000) refers (Special) to libshutdown2.o(.ARM.Collect$$libshutdown$$0000000C) for __rt_lib_shutdown_user_alloc_1
    sys_command.o(.text) refers (Special) to use_no_semi.o(.text) for __I$use$semihosting
    sys_command.o(.text) refers (Special) to indicate_semi.o(.text) for __semihosting_library_function
    defsig_rtmem_outer.o(.text) refers to defsig_rtmem_inner.o(.text) for __rt_SIGRTMEM_inner
    defsig_rtmem_outer.o(.text) refers to defsig_exit.o(.text) for __sig_exit
    defsig_rtmem_formal.o(.text) refers to rt_raise.o(.text) for __rt_raise
    rt_raise.o(.text) refers to __raise.o(.text) for __raise
    rt_raise.o(.text) refers to sys_exit.o(.text) for _sys_exit
    defsig_exit.o(.text) refers to sys_exit.o(.text) for _sys_exit
    defsig_rtmem_inner.o(.text) refers to defsig_general.o(.text) for __default_signal_display
    __raise.o(.text) refers to defsig.o(CL$$defsig) for __default_signal_handler
    defsig_general.o(.text) refers to sys_wrch.o(.text) for _ttywrch
    sys_wrch.o(.text) refers (Special) to use_no_semi.o(.text) for __I$use$semihosting
    sys_wrch.o(.text) refers (Special) to indicate_semi.o(.text) for __semihosting_library_function
    defsig.o(CL$$defsig) refers to defsig_rtmem_inner.o(.text) for __rt_SIGRTMEM_inner
    defsig_abrt_inner.o(.text) refers to defsig_general.o(.text) for __default_signal_display
    defsig_fpe_inner.o(.text) refers to defsig_general.o(.text) for __default_signal_display
    defsig_rtred_inner.o(.text) refers to defsig_general.o(.text) for __default_signal_display
    defsig_stak_inner.o(.text) refers to defsig_general.o(.text) for __default_signal_display
    defsig_pvfn_inner.o(.text) refers to defsig_general.o(.text) for __default_signal_display
    defsig_cppl_inner.o(.text) refers to defsig_general.o(.text) for __default_signal_display
    defsig_segv_inner.o(.text) refers to defsig_general.o(.text) for __default_signal_display
    defsig_other.o(.text) refers to defsig_general.o(.text) for __default_signal_display


==============================================================================

Removing Unused input sections from the image.

    Removing drvcan.o(.rev16_text), (4 bytes).
    Removing drvcan.o(.revsh_text), (4 bytes).
    Removing drvcan.o(.rrx_text), (6 bytes).
    Removing drvflash.o(.rev16_text), (4 bytes).
    Removing drvflash.o(.revsh_text), (4 bytes).
    Removing drvflash.o(.rrx_text), (6 bytes).
    Removing drvflash.o(i.FLASH_Erase_OneSector), (112 bytes).
    Removing drvflash.o(i.FLASH_Update), (100 bytes).
    Removing drvflash.o(i.Flash_Read), (8 bytes).
    Removing drvflash.o(i.Flash_Write), (84 bytes).
    Removing drvflash.o(i.Flash_Write_1024B), (32 bytes).
    Removing drvflash.o(i.Flash_Write_OneSector), (34 bytes).
    Removing drvflash.o(.bss), (1024 bytes).
    Removing drvflash.o(.data), (1 bytes).
    Removing drvgpio.o(.rev16_text), (4 bytes).
    Removing drvgpio.o(.revsh_text), (4 bytes).
    Removing drvgpio.o(.rrx_text), (6 bytes).
    Removing drvgpio.o(i.PINS_GPIO_ReadPin), (60 bytes).
    Removing drvgpio.o(i.PINS_GPIO_TogglePin), (32 bytes).
    Removing drvgpio.o(i.SystemClockInit), (164 bytes).
    Removing drvgpio.o(i.SystemCoreClockSet), (544 bytes).
    Removing drvgpio.o(i.syscloption), (412 bytes).
    Removing drvgpio.o(.data), (17 bytes).
    Removing main.o(.rev16_text), (4 bytes).
    Removing main.o(.revsh_text), (4 bytes).
    Removing main.o(.rrx_text), (6 bytes).
    Removing startup.o(.rev16_text), (4 bytes).
    Removing startup.o(.revsh_text), (4 bytes).
    Removing startup.o(.rrx_text), (6 bytes).
    Removing system_s32k144.o(.rev16_text), (4 bytes).
    Removing system_s32k144.o(.revsh_text), (4 bytes).
    Removing system_s32k144.o(.rrx_text), (6 bytes).
    Removing system_s32k144.o(i.SystemCoreClockUpdate), (172 bytes).
    Removing system_s32k144.o(i.SystemSoftwareReset), (28 bytes).
    Removing system_s32k144.o(.constdata), (16 bytes).

35 unused section(s) (total 2924 bytes) removed from the image.

==============================================================================

Adding Veneers to the image

    Adding TT veneer (10 bytes, Long) for call to 'Clock_Config' from main.o(i.main).

1 Veneer(s) (total 10 bytes) added to the image.

==============================================================================

Image Symbol Table

    Local Symbols

    Symbol Name                              Value     Ov Type        Size  Object(Section)

    RESET                                    0x00000000   Section     1024  startup_s32k144.o(RESET)
    ../clib/angel/boardlib.s                 0x00000000   Number         0  boardinit1.o ABSOLUTE
    ../clib/angel/boardlib.s                 0x00000000   Number         0  boardinit3.o ABSOLUTE
    ../clib/angel/boardlib.s                 0x00000000   Number         0  boardinit2.o ABSOLUTE
    ../clib/angel/boardlib.s                 0x00000000   Number         0  boardshut.o ABSOLUTE
    ../clib/angel/handlers.s                 0x00000000   Number         0  __scatter_copy.o ABSOLUTE
    ../clib/angel/kernel.s                   0x00000000   Number         0  rtexit2.o ABSOLUTE
    ../clib/angel/kernel.s                   0x00000000   Number         0  __rtentry.o ABSOLUTE
    ../clib/angel/kernel.s                   0x00000000   Number         0  __rtentry2.o ABSOLUTE
    ../clib/angel/kernel.s                   0x00000000   Number         0  rtexit.o ABSOLUTE
    ../clib/angel/kernel.s                   0x00000000   Number         0  __rtentry4.o ABSOLUTE
    ../clib/angel/kernel.s                   0x00000000   Number         0  __rtentry7.o ABSOLUTE
    ../clib/angel/rt.s                       0x00000000   Number         0  rt_raise.o ABSOLUTE
    ../clib/angel/scatter.s                  0x00000000   Number         0  __scatter.o ABSOLUTE
    ../clib/angel/startup.s                  0x00000000   Number         0  __main.o ABSOLUTE
    ../clib/angel/sys.s                      0x00000000   Number         0  sys_stackheap_outer.o ABSOLUTE
    ../clib/angel/sys.s                      0x00000000   Number         0  use_no_semi.o ABSOLUTE
    ../clib/angel/sys.s                      0x00000000   Number         0  libspace.o ABSOLUTE
    ../clib/angel/sys.s                      0x00000000   Number         0  sys_stackheap.o ABSOLUTE
    ../clib/angel/sys.s                      0x00000000   Number         0  indicate_semi.o ABSOLUTE
    ../clib/angel/sysapp.c                   0x00000000   Number         0  sys_wrch.o ABSOLUTE
    ../clib/angel/sysapp.c                   0x00000000   Number         0  sys_command.o ABSOLUTE
    ../clib/angel/sysapp.c                   0x00000000   Number         0  sys_exit.o ABSOLUTE
    ../clib/armsys.c                         0x00000000   Number         0  _get_argv_nomalloc.o ABSOLUTE
    ../clib/armsys.c                         0x00000000   Number         0  no_argv.o ABSOLUTE
    ../clib/armsys.c                         0x00000000   Number         0  argv_veneer.o ABSOLUTE
    ../clib/armsys.c                         0x00000000   Number         0  argv_veneer.o ABSOLUTE
    ../clib/heapalloc.c                      0x00000000   Number         0  hrguard.o ABSOLUTE
    ../clib/libinit.s                        0x00000000   Number         0  libshutdown2.o ABSOLUTE
    ../clib/libinit.s                        0x00000000   Number         0  libinit.o ABSOLUTE
    ../clib/libinit.s                        0x00000000   Number         0  libshutdown.o ABSOLUTE
    ../clib/libinit.s                        0x00000000   Number         0  libinit5.o ABSOLUTE
    ../clib/libinit.s                        0x00000000   Number         0  libinit2.o ABSOLUTE
    ../clib/signal.c                         0x00000000   Number         0  defsig_stak_inner.o ABSOLUTE
    ../clib/signal.c                         0x00000000   Number         0  defsig_pvfn_inner.o ABSOLUTE
    ../clib/signal.c                         0x00000000   Number         0  defsig_cppl_inner.o ABSOLUTE
    ../clib/signal.c                         0x00000000   Number         0  defsig_segv_inner.o ABSOLUTE
    ../clib/signal.c                         0x00000000   Number         0  defsig_other.o ABSOLUTE
    ../clib/signal.c                         0x00000000   Number         0  defsig_rtmem_inner.o ABSOLUTE
    ../clib/signal.c                         0x00000000   Number         0  defsig_rtmem_outer.o ABSOLUTE
    ../clib/signal.c                         0x00000000   Number         0  defsig_rtmem_formal.o ABSOLUTE
    ../clib/signal.c                         0x00000000   Number         0  defsig_exit.o ABSOLUTE
    ../clib/signal.c                         0x00000000   Number         0  __raise.o ABSOLUTE
    ../clib/signal.c                         0x00000000   Number         0  defsig_general.o ABSOLUTE
    ../clib/signal.c                         0x00000000   Number         0  defsig_abrt_inner.o ABSOLUTE
    ../clib/signal.c                         0x00000000   Number         0  defsig_fpe_inner.o ABSOLUTE
    ../clib/signal.c                         0x00000000   Number         0  defsig_rtred_inner.o ABSOLUTE
    ../clib/signal.s                         0x00000000   Number         0  defsig.o ABSOLUTE
    ../clib/stdlib.c                         0x00000000   Number         0  exit.o ABSOLUTE
    ../fplib/fpinit.s                        0x00000000   Number         0  fpinit.o ABSOLUTE
    C:\Keil_v5\ARM\PACK\Keil\S32_SDK_DFP\1.2.0\platform\devices\startup.c 0x00000000   Number         0  startup.o ABSOLUTE
    C:\\Keil_v5\\ARM\\PACK\\Keil\\S32_SDK_DFP\\1.2.0\\platform\\devices\\startup.c 0x00000000   Number         0  startup.o ABSOLUTE
    RTE\Device\S32K144HFxxxLLx\startup_S32K144.s 0x00000000   Number         0  startup_s32k144.o ABSOLUTE
    RTE\Device\S32K144HFxxxLLx\system_S32K144.c 0x00000000   Number         0  system_s32k144.o ABSOLUTE
    RTE\\Device\\S32K144HFxxxLLx\\system_S32K144.c 0x00000000   Number         0  system_s32k144.o ABSOLUTE
    VCUAPP\\main.c                           0x00000000   Number         0  main.o ABSOLUTE
    VCUAPP\main.c                            0x00000000   Number         0  main.o ABSOLUTE
    dc.s                                     0x00000000   Number         0  dc.o ABSOLUTE
    driver\\drvCAN.c                         0x00000000   Number         0  drvcan.o ABSOLUTE
    driver\\drvFLASH.c                       0x00000000   Number         0  drvflash.o ABSOLUTE
    driver\\drvGPIO.c                        0x00000000   Number         0  drvgpio.o ABSOLUTE
    driver\drvCAN.c                          0x00000000   Number         0  drvcan.o ABSOLUTE
    driver\drvFLASH.c                        0x00000000   Number         0  drvflash.o ABSOLUTE
    driver\drvGPIO.c                         0x00000000   Number         0  drvgpio.o ABSOLUTE
    FlashConfig                              0x00000400   Section       16  startup_s32k144.o(FlashConfig)
    !!!main                                  0x00000410   Section        8  __main.o(!!!main)
    !!!scatter                               0x00000418   Section       52  __scatter.o(!!!scatter)
    !!handler_copy                           0x0000044c   Section       26  __scatter_copy.o(!!handler_copy)
    .ARM.Collect$$libinit$$00000000          0x00000466   Section        2  libinit.o(.ARM.Collect$$libinit$$00000000)
    .ARM.Collect$$libinit$$00000001          0x00000468   Section        4  libinit2.o(.ARM.Collect$$libinit$$00000001)
    .ARM.Collect$$libinit$$00000004          0x0000046c   Section        0  libinit2.o(.ARM.Collect$$libinit$$00000004)
    .ARM.Collect$$libinit$$0000000A          0x0000046c   Section        0  libinit2.o(.ARM.Collect$$libinit$$0000000A)
    .ARM.Collect$$libinit$$0000000C          0x0000046c   Section        0  libinit2.o(.ARM.Collect$$libinit$$0000000C)
    .ARM.Collect$$libinit$$0000000E          0x0000046c   Section        0  libinit2.o(.ARM.Collect$$libinit$$0000000E)
    .ARM.Collect$$libinit$$00000011          0x0000046c   Section        0  libinit2.o(.ARM.Collect$$libinit$$00000011)
    .ARM.Collect$$libinit$$00000013          0x0000046c   Section        0  libinit2.o(.ARM.Collect$$libinit$$00000013)
    .ARM.Collect$$libinit$$00000015          0x0000046c   Section        0  libinit2.o(.ARM.Collect$$libinit$$00000015)
    .ARM.Collect$$libinit$$00000017          0x0000046c   Section        0  libinit2.o(.ARM.Collect$$libinit$$00000017)
    .ARM.Collect$$libinit$$00000019          0x0000046c   Section        0  libinit2.o(.ARM.Collect$$libinit$$00000019)
    .ARM.Collect$$libinit$$0000001B          0x0000046c   Section        0  libinit2.o(.ARM.Collect$$libinit$$0000001B)
    .ARM.Collect$$libinit$$0000001D          0x0000046c   Section        0  libinit2.o(.ARM.Collect$$libinit$$0000001D)
    .ARM.Collect$$libinit$$0000001F          0x0000046c   Section        0  libinit2.o(.ARM.Collect$$libinit$$0000001F)
    .ARM.Collect$$libinit$$00000021          0x0000046c   Section        0  libinit2.o(.ARM.Collect$$libinit$$00000021)
    .ARM.Collect$$libinit$$00000023          0x0000046c   Section        0  libinit2.o(.ARM.Collect$$libinit$$00000023)
    .ARM.Collect$$libinit$$00000025          0x0000046c   Section        0  libinit2.o(.ARM.Collect$$libinit$$00000025)
    .ARM.Collect$$libinit$$0000002C          0x0000046c   Section        0  libinit2.o(.ARM.Collect$$libinit$$0000002C)
    .ARM.Collect$$libinit$$0000002E          0x0000046c   Section        0  libinit2.o(.ARM.Collect$$libinit$$0000002E)
    .ARM.Collect$$libinit$$00000030          0x0000046c   Section        0  libinit2.o(.ARM.Collect$$libinit$$00000030)
    .ARM.Collect$$libinit$$00000032          0x0000046c   Section        0  libinit2.o(.ARM.Collect$$libinit$$00000032)
    .ARM.Collect$$libinit$$00000033          0x0000046c   Section        2  libinit2.o(.ARM.Collect$$libinit$$00000033)
    .ARM.Collect$$libshutdown$$00000000      0x0000046e   Section        2  libshutdown.o(.ARM.Collect$$libshutdown$$00000000)
    .ARM.Collect$$libshutdown$$00000002      0x00000470   Section        0  libshutdown2.o(.ARM.Collect$$libshutdown$$00000002)
    .ARM.Collect$$libshutdown$$00000004      0x00000470   Section        0  libshutdown2.o(.ARM.Collect$$libshutdown$$00000004)
    .ARM.Collect$$libshutdown$$00000007      0x00000470   Section        0  libshutdown2.o(.ARM.Collect$$libshutdown$$00000007)
    .ARM.Collect$$libshutdown$$0000000A      0x00000470   Section        0  libshutdown2.o(.ARM.Collect$$libshutdown$$0000000A)
    .ARM.Collect$$libshutdown$$0000000C      0x00000470   Section        0  libshutdown2.o(.ARM.Collect$$libshutdown$$0000000C)
    .ARM.Collect$$libshutdown$$0000000F      0x00000470   Section        0  libshutdown2.o(.ARM.Collect$$libshutdown$$0000000F)
    .ARM.Collect$$libshutdown$$00000010      0x00000470   Section        2  libshutdown2.o(.ARM.Collect$$libshutdown$$00000010)
    .ARM.Collect$$rtentry$$00000000          0x00000472   Section        0  __rtentry.o(.ARM.Collect$$rtentry$$00000000)
    .ARM.Collect$$rtentry$$00000002          0x00000472   Section        0  __rtentry2.o(.ARM.Collect$$rtentry$$00000002)
    .ARM.Collect$$rtentry$$00000007          0x00000472   Section        4  __rtentry7.o(.ARM.Collect$$rtentry$$00000007)
    .ARM.Collect$$rtentry$$00000009          0x00000476   Section        0  __rtentry2.o(.ARM.Collect$$rtentry$$00000009)
    .ARM.Collect$$rtentry$$0000000A          0x00000476   Section        4  __rtentry2.o(.ARM.Collect$$rtentry$$0000000A)
    .ARM.Collect$$rtentry$$0000000C          0x0000047a   Section        0  __rtentry2.o(.ARM.Collect$$rtentry$$0000000C)
    .ARM.Collect$$rtentry$$0000000D          0x0000047a   Section        8  __rtentry2.o(.ARM.Collect$$rtentry$$0000000D)
    .ARM.Collect$$rtentry$$00002718          0x00000484   Section        4  __rtentry7.o(.ARM.Collect$$rtentry$$00002718)
    __lit__00000000                          0x00000484   Data           4  __rtentry7.o(.ARM.Collect$$rtentry$$00002718)
    .ARM.Collect$$rtexit$$00000000           0x00000488   Section        2  rtexit.o(.ARM.Collect$$rtexit$$00000000)
    .ARM.Collect$$rtexit$$00000002           0x0000048a   Section        0  rtexit2.o(.ARM.Collect$$rtexit$$00000002)
    .ARM.Collect$$rtexit$$00000003           0x0000048a   Section        4  rtexit2.o(.ARM.Collect$$rtexit$$00000003)
    .ARM.Collect$$rtexit$$00000004           0x0000048e   Section        6  rtexit2.o(.ARM.Collect$$rtexit$$00000004)
    .text                                    0x00000494   Section       56  startup_s32k144.o(.text)
    $v0                                      0x00000494   Number         0  startup_s32k144.o(.text)
    .text                                    0x000004cc   Section        0  exit.o(.text)
    .text                                    0x000004de   Section        2  use_no_semi.o(.text)
    .text                                    0x000004e0   Section        0  indicate_semi.o(.text)
    .text                                    0x000004e0   Section        0  sys_exit.o(.text)
    i.CANInit                                0x000004f8   Section        0  drvcan.o(i.CANInit)
    i.CANRecData                             0x000006e0   Section        0  drvcan.o(i.CANRecData)
    i.CANSendData                            0x00000764   Section        0  drvcan.o(i.CANSendData)
    i.GPIO_enable_port                       0x00000904   Section        0  drvgpio.o(i.GPIO_enable_port)
    i.PINS_GPIO_WritePin                     0x0000092c   Section        0  drvgpio.o(i.PINS_GPIO_WritePin)
    i.SystemInit                             0x0000095c   Section        0  system_s32k144.o(i.SystemInit)
    i.init_data_bss                          0x0000099c   Section        0  startup.o(i.init_data_bss)
    i.main                                   0x000009f0   Section        0  main.o(i.main)
    x$fpl$fpinit                             0x00000af4   Section       10  fpinit.o(x$fpl$fpinit)
    $v0                                      0x00000af4   Number         0  fpinit.o(x$fpl$fpinit)
    .constdata                               0x00000b00   Section        4  startup.o(.constdata)
    .data                                    0x1fff8000   Section       78  main.o(.data)
    i.Clock_Config                           0x20004000   Section        0  drvflash.o(i.Clock_Config)
    i.NormalRUNmode_80MHz                    0x20004010   Section        0  drvflash.o(i.NormalRUNmode_80MHz)
    i.SOSC_init_8MHz                         0x20004030   Section        0  drvflash.o(i.SOSC_init_8MHz)
    i.SPLL_init_160MHz                       0x20004074   Section        0  drvflash.o(i.SPLL_init_160MHz)

    Global Symbols

    Symbol Name                              Value     Ov Type        Size  Object(Section)

    BuildAttributes$$THM_ISAv4$E$P$D$K$B$S$7EM$VFPi3$EXTD16$VFPS$VFMA$PE$A:L22UL41UL21$X:L11$S22US41US21$IEEE1$IW$USESV6$~STKCKD$USESV7$~SHL$OSPACE$ROPI$EBA8$UX$STANDARDLIB$REQ8$PRES8$EABIv2 0x00000000   Number         0  anon$$obj.o ABSOLUTE
    Image$$VECTOR_RAM$$Base                  0x00000000   Number         0  anon$$obj.o ABSOLUTE
    Image$$VECTOR_ROM$$Base                  0x00000000   Number         0  anon$$obj.o ABSOLUTE
    __ARM_use_no_argv                        0x00000000   Number         0  main.o ABSOLUTE
    __Vectors                                0x00000000   Data           4  startup_s32k144.o(RESET)
    Image$$ZI$$Limit                          - Undefined Weak Reference
    __ARM_exceptions_init                     - Undefined Weak Reference
    __alloca_initialize                       - Undefined Weak Reference
    __arm_preinit_                            - Undefined Weak Reference
    __cpp_initialize__aeabi_                  - Undefined Weak Reference
    __cxa_finalize                            - Undefined Weak Reference
    __rt_locale                               - Undefined Weak Reference
    __sigvec_lookup                           - Undefined Weak Reference
    _atexit_init                              - Undefined Weak Reference
    _call_atexit_fns                          - Undefined Weak Reference
    _clock_init                               - Undefined Weak Reference
    _fp_trap_init                             - Undefined Weak Reference
    _fp_trap_shutdown                         - Undefined Weak Reference
    _get_lc_collate                           - Undefined Weak Reference
    _get_lc_ctype                             - Undefined Weak Reference
    _get_lc_monetary                          - Undefined Weak Reference
    _get_lc_numeric                           - Undefined Weak Reference
    _get_lc_time                              - Undefined Weak Reference
    _getenv_init                              - Undefined Weak Reference
    _handle_redirection                       - Undefined Weak Reference
    _init_alloc                               - Undefined Weak Reference
    _init_user_alloc                          - Undefined Weak Reference
    _initio                                   - Undefined Weak Reference
    _rand_init                                - Undefined Weak Reference
    _signal_finish                            - Undefined Weak Reference
    _signal_init                              - Undefined Weak Reference
    _terminate_alloc                          - Undefined Weak Reference
    _terminate_user_alloc                     - Undefined Weak Reference
    _terminateio                              - Undefined Weak Reference
    __Vectors_End                            0x00000400   Data           0  startup_s32k144.o(RESET)
    __Vectors_Size                           0x00000400   Number         0  startup_s32k144.o ABSOLUTE
    __main                                   0x00000411   Thumb Code     8  __main.o(!!!main)
    __scatterload                            0x00000419   Thumb Code     0  __scatter.o(!!!scatter)
    __scatterload_rt2                        0x00000419   Thumb Code    44  __scatter.o(!!!scatter)
    __scatterload_rt2_thumb_only             0x00000419   Thumb Code     0  __scatter.o(!!!scatter)
    __scatterload_null                       0x00000427   Thumb Code     0  __scatter.o(!!!scatter)
    __scatterload_copy                       0x0000044d   Thumb Code    26  __scatter_copy.o(!!handler_copy)
    __rt_lib_init                            0x00000467   Thumb Code     0  libinit.o(.ARM.Collect$$libinit$$00000000)
    __rt_lib_init_fp_1                       0x00000469   Thumb Code     0  libinit2.o(.ARM.Collect$$libinit$$00000001)
    __rt_lib_init_alloca_1                   0x0000046d   Thumb Code     0  libinit2.o(.ARM.Collect$$libinit$$0000002E)
    __rt_lib_init_argv_1                     0x0000046d   Thumb Code     0  libinit2.o(.ARM.Collect$$libinit$$0000002C)
    __rt_lib_init_atexit_1                   0x0000046d   Thumb Code     0  libinit2.o(.ARM.Collect$$libinit$$0000001B)
    __rt_lib_init_clock_1                    0x0000046d   Thumb Code     0  libinit2.o(.ARM.Collect$$libinit$$00000021)
    __rt_lib_init_cpp_1                      0x0000046d   Thumb Code     0  libinit2.o(.ARM.Collect$$libinit$$00000032)
    __rt_lib_init_exceptions_1               0x0000046d   Thumb Code     0  libinit2.o(.ARM.Collect$$libinit$$00000030)
    __rt_lib_init_fp_trap_1                  0x0000046d   Thumb Code     0  libinit2.o(.ARM.Collect$$libinit$$0000001F)
    __rt_lib_init_getenv_1                   0x0000046d   Thumb Code     0  libinit2.o(.ARM.Collect$$libinit$$00000023)
    __rt_lib_init_heap_1                     0x0000046d   Thumb Code     0  libinit2.o(.ARM.Collect$$libinit$$0000000A)
    __rt_lib_init_lc_collate_1               0x0000046d   Thumb Code     0  libinit2.o(.ARM.Collect$$libinit$$00000011)
    __rt_lib_init_lc_ctype_1                 0x0000046d   Thumb Code     0  libinit2.o(.ARM.Collect$$libinit$$00000013)
    __rt_lib_init_lc_monetary_1              0x0000046d   Thumb Code     0  libinit2.o(.ARM.Collect$$libinit$$00000015)
    __rt_lib_init_lc_numeric_1               0x0000046d   Thumb Code     0  libinit2.o(.ARM.Collect$$libinit$$00000017)
    __rt_lib_init_lc_time_1                  0x0000046d   Thumb Code     0  libinit2.o(.ARM.Collect$$libinit$$00000019)
    __rt_lib_init_preinit_1                  0x0000046d   Thumb Code     0  libinit2.o(.ARM.Collect$$libinit$$00000004)
    __rt_lib_init_rand_1                     0x0000046d   Thumb Code     0  libinit2.o(.ARM.Collect$$libinit$$0000000E)
    __rt_lib_init_return                     0x0000046d   Thumb Code     0  libinit2.o(.ARM.Collect$$libinit$$00000033)
    __rt_lib_init_signal_1                   0x0000046d   Thumb Code     0  libinit2.o(.ARM.Collect$$libinit$$0000001D)
    __rt_lib_init_stdio_1                    0x0000046d   Thumb Code     0  libinit2.o(.ARM.Collect$$libinit$$00000025)
    __rt_lib_init_user_alloc_1               0x0000046d   Thumb Code     0  libinit2.o(.ARM.Collect$$libinit$$0000000C)
    __rt_lib_shutdown                        0x0000046f   Thumb Code     0  libshutdown.o(.ARM.Collect$$libshutdown$$00000000)
    __rt_lib_shutdown_cpp_1                  0x00000471   Thumb Code     0  libshutdown2.o(.ARM.Collect$$libshutdown$$00000002)
    __rt_lib_shutdown_fp_trap_1              0x00000471   Thumb Code     0  libshutdown2.o(.ARM.Collect$$libshutdown$$00000007)
    __rt_lib_shutdown_heap_1                 0x00000471   Thumb Code     0  libshutdown2.o(.ARM.Collect$$libshutdown$$0000000F)
    __rt_lib_shutdown_return                 0x00000471   Thumb Code     0  libshutdown2.o(.ARM.Collect$$libshutdown$$00000010)
    __rt_lib_shutdown_signal_1               0x00000471   Thumb Code     0  libshutdown2.o(.ARM.Collect$$libshutdown$$0000000A)
    __rt_lib_shutdown_stdio_1                0x00000471   Thumb Code     0  libshutdown2.o(.ARM.Collect$$libshutdown$$00000004)
    __rt_lib_shutdown_user_alloc_1           0x00000471   Thumb Code     0  libshutdown2.o(.ARM.Collect$$libshutdown$$0000000C)
    __rt_entry                               0x00000473   Thumb Code     0  __rtentry.o(.ARM.Collect$$rtentry$$00000000)
    __rt_entry_presh_1                       0x00000473   Thumb Code     0  __rtentry2.o(.ARM.Collect$$rtentry$$00000002)
    __rt_entry_sh                            0x00000473   Thumb Code     0  __rtentry7.o(.ARM.Collect$$rtentry$$00000007)
    __rt_entry_li                            0x00000477   Thumb Code     0  __rtentry2.o(.ARM.Collect$$rtentry$$0000000A)
    __rt_entry_postsh_1                      0x00000477   Thumb Code     0  __rtentry2.o(.ARM.Collect$$rtentry$$00000009)
    __rt_entry_main                          0x0000047b   Thumb Code     0  __rtentry2.o(.ARM.Collect$$rtentry$$0000000D)
    __rt_entry_postli_1                      0x0000047b   Thumb Code     0  __rtentry2.o(.ARM.Collect$$rtentry$$0000000C)
    __rt_exit                                0x00000489   Thumb Code     0  rtexit.o(.ARM.Collect$$rtexit$$00000000)
    __rt_exit_ls                             0x0000048b   Thumb Code     0  rtexit2.o(.ARM.Collect$$rtexit$$00000003)
    __rt_exit_prels_1                        0x0000048b   Thumb Code     0  rtexit2.o(.ARM.Collect$$rtexit$$00000002)
    __rt_exit_exit                           0x0000048f   Thumb Code     0  rtexit2.o(.ARM.Collect$$rtexit$$00000004)
    Reset_Handler                            0x00000495   Thumb Code    18  startup_s32k144.o(.text)
    NMI_Handler                              0x000004a7   Thumb Code     2  startup_s32k144.o(.text)
    HardFault_Handler                        0x000004a9   Thumb Code     2  startup_s32k144.o(.text)
    MemManage_Handler                        0x000004ab   Thumb Code     2  startup_s32k144.o(.text)
    BusFault_Handler                         0x000004ad   Thumb Code     2  startup_s32k144.o(.text)
    UsageFault_Handler                       0x000004af   Thumb Code     2  startup_s32k144.o(.text)
    SVC_Handler                              0x000004b1   Thumb Code     2  startup_s32k144.o(.text)
    DebugMon_Handler                         0x000004b3   Thumb Code     2  startup_s32k144.o(.text)
    PendSV_Handler                           0x000004b5   Thumb Code     2  startup_s32k144.o(.text)
    SysTick_Handler                          0x000004b7   Thumb Code     2  startup_s32k144.o(.text)
    ADC0_IRQHandler                          0x000004b9   Thumb Code     0  startup_s32k144.o(.text)
    ADC1_IRQHandler                          0x000004b9   Thumb Code     0  startup_s32k144.o(.text)
    CAN0_Error_IRQHandler                    0x000004b9   Thumb Code     0  startup_s32k144.o(.text)
    CAN0_ORed_0_15_MB_IRQHandler             0x000004b9   Thumb Code     0  startup_s32k144.o(.text)
    CAN0_ORed_16_31_MB_IRQHandler            0x000004b9   Thumb Code     0  startup_s32k144.o(.text)
    CAN0_ORed_IRQHandler                     0x000004b9   Thumb Code     0  startup_s32k144.o(.text)
    CAN0_Wake_Up_IRQHandler                  0x000004b9   Thumb Code     0  startup_s32k144.o(.text)
    CAN1_Error_IRQHandler                    0x000004b9   Thumb Code     0  startup_s32k144.o(.text)
    CAN1_ORed_0_15_MB_IRQHandler             0x000004b9   Thumb Code     0  startup_s32k144.o(.text)
    CAN1_ORed_IRQHandler                     0x000004b9   Thumb Code     0  startup_s32k144.o(.text)
    CAN2_Error_IRQHandler                    0x000004b9   Thumb Code     0  startup_s32k144.o(.text)
    CAN2_ORed_0_15_MB_IRQHandler             0x000004b9   Thumb Code     0  startup_s32k144.o(.text)
    CAN2_ORed_IRQHandler                     0x000004b9   Thumb Code     0  startup_s32k144.o(.text)
    CMP0_IRQHandler                          0x000004b9   Thumb Code     0  startup_s32k144.o(.text)
    DMA0_IRQHandler                          0x000004b9   Thumb Code     0  startup_s32k144.o(.text)
    DMA10_IRQHandler                         0x000004b9   Thumb Code     0  startup_s32k144.o(.text)
    DMA11_IRQHandler                         0x000004b9   Thumb Code     0  startup_s32k144.o(.text)
    DMA12_IRQHandler                         0x000004b9   Thumb Code     0  startup_s32k144.o(.text)
    DMA13_IRQHandler                         0x000004b9   Thumb Code     0  startup_s32k144.o(.text)
    DMA14_IRQHandler                         0x000004b9   Thumb Code     0  startup_s32k144.o(.text)
    DMA15_IRQHandler                         0x000004b9   Thumb Code     0  startup_s32k144.o(.text)
    DMA1_IRQHandler                          0x000004b9   Thumb Code     0  startup_s32k144.o(.text)
    DMA2_IRQHandler                          0x000004b9   Thumb Code     0  startup_s32k144.o(.text)
    DMA3_IRQHandler                          0x000004b9   Thumb Code     0  startup_s32k144.o(.text)
    DMA4_IRQHandler                          0x000004b9   Thumb Code     0  startup_s32k144.o(.text)
    DMA5_IRQHandler                          0x000004b9   Thumb Code     0  startup_s32k144.o(.text)
    DMA6_IRQHandler                          0x000004b9   Thumb Code     0  startup_s32k144.o(.text)
    DMA7_IRQHandler                          0x000004b9   Thumb Code     0  startup_s32k144.o(.text)
    DMA8_IRQHandler                          0x000004b9   Thumb Code     0  startup_s32k144.o(.text)
    DMA9_IRQHandler                          0x000004b9   Thumb Code     0  startup_s32k144.o(.text)
    DMA_Error_IRQHandler                     0x000004b9   Thumb Code     0  startup_s32k144.o(.text)
    DefaultISR                               0x000004b9   Thumb Code     0  startup_s32k144.o(.text)
    ERM_double_fault_IRQHandler              0x000004b9   Thumb Code     0  startup_s32k144.o(.text)
    ERM_single_fault_IRQHandler              0x000004b9   Thumb Code     0  startup_s32k144.o(.text)
    FLEXIO_IRQHandler                        0x000004b9   Thumb Code     0  startup_s32k144.o(.text)
    FTFC_Fault_IRQHandler                    0x000004b9   Thumb Code     0  startup_s32k144.o(.text)
    FTFC_IRQHandler                          0x000004b9   Thumb Code     0  startup_s32k144.o(.text)
    FTM0_Ch0_Ch1_IRQHandler                  0x000004b9   Thumb Code     0  startup_s32k144.o(.text)
    FTM0_Ch2_Ch3_IRQHandler                  0x000004b9   Thumb Code     0  startup_s32k144.o(.text)
    FTM0_Ch4_Ch5_IRQHandler                  0x000004b9   Thumb Code     0  startup_s32k144.o(.text)
    FTM0_Ch6_Ch7_IRQHandler                  0x000004b9   Thumb Code     0  startup_s32k144.o(.text)
    FTM0_Fault_IRQHandler                    0x000004b9   Thumb Code     0  startup_s32k144.o(.text)
    FTM0_Ovf_Reload_IRQHandler               0x000004b9   Thumb Code     0  startup_s32k144.o(.text)
    FTM1_Ch0_Ch1_IRQHandler                  0x000004b9   Thumb Code     0  startup_s32k144.o(.text)
    FTM1_Ch2_Ch3_IRQHandler                  0x000004b9   Thumb Code     0  startup_s32k144.o(.text)
    FTM1_Ch4_Ch5_IRQHandler                  0x000004b9   Thumb Code     0  startup_s32k144.o(.text)
    FTM1_Ch6_Ch7_IRQHandler                  0x000004b9   Thumb Code     0  startup_s32k144.o(.text)
    FTM1_Fault_IRQHandler                    0x000004b9   Thumb Code     0  startup_s32k144.o(.text)
    FTM1_Ovf_Reload_IRQHandler               0x000004b9   Thumb Code     0  startup_s32k144.o(.text)
    FTM2_Ch0_Ch1_IRQHandler                  0x000004b9   Thumb Code     0  startup_s32k144.o(.text)
    FTM2_Ch2_Ch3_IRQHandler                  0x000004b9   Thumb Code     0  startup_s32k144.o(.text)
    FTM2_Ch4_Ch5_IRQHandler                  0x000004b9   Thumb Code     0  startup_s32k144.o(.text)
    FTM2_Ch6_Ch7_IRQHandler                  0x000004b9   Thumb Code     0  startup_s32k144.o(.text)
    FTM2_Fault_IRQHandler                    0x000004b9   Thumb Code     0  startup_s32k144.o(.text)
    FTM2_Ovf_Reload_IRQHandler               0x000004b9   Thumb Code     0  startup_s32k144.o(.text)
    FTM3_Ch0_Ch1_IRQHandler                  0x000004b9   Thumb Code     0  startup_s32k144.o(.text)
    FTM3_Ch2_Ch3_IRQHandler                  0x000004b9   Thumb Code     0  startup_s32k144.o(.text)
    FTM3_Ch4_Ch5_IRQHandler                  0x000004b9   Thumb Code     0  startup_s32k144.o(.text)
    FTM3_Ch6_Ch7_IRQHandler                  0x000004b9   Thumb Code     0  startup_s32k144.o(.text)
    FTM3_Fault_IRQHandler                    0x000004b9   Thumb Code     0  startup_s32k144.o(.text)
    FTM3_Ovf_Reload_IRQHandler               0x000004b9   Thumb Code     0  startup_s32k144.o(.text)
    LPI2C0_Master_IRQHandler                 0x000004b9   Thumb Code     0  startup_s32k144.o(.text)
    LPI2C0_Slave_IRQHandler                  0x000004b9   Thumb Code     0  startup_s32k144.o(.text)
    LPIT0_Ch0_IRQHandler                     0x000004b9   Thumb Code     0  startup_s32k144.o(.text)
    LPIT0_Ch1_IRQHandler                     0x000004b9   Thumb Code     0  startup_s32k144.o(.text)
    LPIT0_Ch2_IRQHandler                     0x000004b9   Thumb Code     0  startup_s32k144.o(.text)
    LPIT0_Ch3_IRQHandler                     0x000004b9   Thumb Code     0  startup_s32k144.o(.text)
    LPSPI0_IRQHandler                        0x000004b9   Thumb Code     0  startup_s32k144.o(.text)
    LPSPI1_IRQHandler                        0x000004b9   Thumb Code     0  startup_s32k144.o(.text)
    LPSPI2_IRQHandler                        0x000004b9   Thumb Code     0  startup_s32k144.o(.text)
    LPTMR0_IRQHandler                        0x000004b9   Thumb Code     0  startup_s32k144.o(.text)
    LPUART0_RxTx_IRQHandler                  0x000004b9   Thumb Code     0  startup_s32k144.o(.text)
    LPUART1_RxTx_IRQHandler                  0x000004b9   Thumb Code     0  startup_s32k144.o(.text)
    LPUART2_RxTx_IRQHandler                  0x000004b9   Thumb Code     0  startup_s32k144.o(.text)
    LVD_LVW_IRQHandler                       0x000004b9   Thumb Code     0  startup_s32k144.o(.text)
    MCM_IRQHandler                           0x000004b9   Thumb Code     0  startup_s32k144.o(.text)
    PDB0_IRQHandler                          0x000004b9   Thumb Code     0  startup_s32k144.o(.text)
    PDB1_IRQHandler                          0x000004b9   Thumb Code     0  startup_s32k144.o(.text)
    PORTA_IRQHandler                         0x000004b9   Thumb Code     0  startup_s32k144.o(.text)
    PORTB_IRQHandler                         0x000004b9   Thumb Code     0  startup_s32k144.o(.text)
    PORTC_IRQHandler                         0x000004b9   Thumb Code     0  startup_s32k144.o(.text)
    PORTD_IRQHandler                         0x000004b9   Thumb Code     0  startup_s32k144.o(.text)
    PORTE_IRQHandler                         0x000004b9   Thumb Code     0  startup_s32k144.o(.text)
    RCM_IRQHandler                           0x000004b9   Thumb Code     0  startup_s32k144.o(.text)
    RTC_IRQHandler                           0x000004b9   Thumb Code     0  startup_s32k144.o(.text)
    RTC_Seconds_IRQHandler                   0x000004b9   Thumb Code     0  startup_s32k144.o(.text)
    Read_Collision_IRQHandler                0x000004b9   Thumb Code     0  startup_s32k144.o(.text)
    Reserved100_IRQHandler                   0x000004b9   Thumb Code     0  startup_s32k144.o(.text)
    Reserved103_IRQHandler                   0x000004b9   Thumb Code     0  startup_s32k144.o(.text)
    Reserved105_IRQHandler                   0x000004b9   Thumb Code     0  startup_s32k144.o(.text)
    Reserved106_IRQHandler                   0x000004b9   Thumb Code     0  startup_s32k144.o(.text)
    Reserved107_IRQHandler                   0x000004b9   Thumb Code     0  startup_s32k144.o(.text)
    Reserved110_IRQHandler                   0x000004b9   Thumb Code     0  startup_s32k144.o(.text)
    Reserved112_IRQHandler                   0x000004b9   Thumb Code     0  startup_s32k144.o(.text)
    Reserved113_IRQHandler                   0x000004b9   Thumb Code     0  startup_s32k144.o(.text)
    Reserved114_IRQHandler                   0x000004b9   Thumb Code     0  startup_s32k144.o(.text)
    Reserved45_IRQHandler                    0x000004b9   Thumb Code     0  startup_s32k144.o(.text)
    Reserved46_IRQHandler                    0x000004b9   Thumb Code     0  startup_s32k144.o(.text)
    Reserved48_IRQHandler                    0x000004b9   Thumb Code     0  startup_s32k144.o(.text)
    Reserved50_IRQHandler                    0x000004b9   Thumb Code     0  startup_s32k144.o(.text)
    Reserved52_IRQHandler                    0x000004b9   Thumb Code     0  startup_s32k144.o(.text)
    Reserved53_IRQHandler                    0x000004b9   Thumb Code     0  startup_s32k144.o(.text)
    Reserved54_IRQHandler                    0x000004b9   Thumb Code     0  startup_s32k144.o(.text)
    Reserved58_IRQHandler                    0x000004b9   Thumb Code     0  startup_s32k144.o(.text)
    Reserved59_IRQHandler                    0x000004b9   Thumb Code     0  startup_s32k144.o(.text)
    Reserved69_IRQHandler                    0x000004b9   Thumb Code     0  startup_s32k144.o(.text)
    Reserved70_IRQHandler                    0x000004b9   Thumb Code     0  startup_s32k144.o(.text)
    Reserved71_IRQHandler                    0x000004b9   Thumb Code     0  startup_s32k144.o(.text)
    Reserved72_IRQHandler                    0x000004b9   Thumb Code     0  startup_s32k144.o(.text)
    Reserved81_IRQHandler                    0x000004b9   Thumb Code     0  startup_s32k144.o(.text)
    Reserved82_IRQHandler                    0x000004b9   Thumb Code     0  startup_s32k144.o(.text)
    Reserved83_IRQHandler                    0x000004b9   Thumb Code     0  startup_s32k144.o(.text)
    Reserved86_IRQHandler                    0x000004b9   Thumb Code     0  startup_s32k144.o(.text)
    Reserved87_IRQHandler                    0x000004b9   Thumb Code     0  startup_s32k144.o(.text)
    Reserved88_IRQHandler                    0x000004b9   Thumb Code     0  startup_s32k144.o(.text)
    Reserved89_IRQHandler                    0x000004b9   Thumb Code     0  startup_s32k144.o(.text)
    Reserved90_IRQHandler                    0x000004b9   Thumb Code     0  startup_s32k144.o(.text)
    Reserved91_IRQHandler                    0x000004b9   Thumb Code     0  startup_s32k144.o(.text)
    Reserved92_IRQHandler                    0x000004b9   Thumb Code     0  startup_s32k144.o(.text)
    Reserved93_IRQHandler                    0x000004b9   Thumb Code     0  startup_s32k144.o(.text)
    Reserved99_IRQHandler                    0x000004b9   Thumb Code     0  startup_s32k144.o(.text)
    SCG_IRQHandler                           0x000004b9   Thumb Code     0  startup_s32k144.o(.text)
    SWI_IRQHandler                           0x000004b9   Thumb Code     0  startup_s32k144.o(.text)
    WDOG_EWM_IRQHandler                      0x000004b9   Thumb Code     0  startup_s32k144.o(.text)
    exit                                     0x000004cd   Thumb Code    18  exit.o(.text)
    __I$use$semihosting                      0x000004df   Thumb Code     0  use_no_semi.o(.text)
    __use_no_semihosting_swi                 0x000004df   Thumb Code     2  use_no_semi.o(.text)
    __semihosting_library_function           0x000004e1   Thumb Code     0  indicate_semi.o(.text)
    _sys_exit                                0x000004e1   Thumb Code     8  sys_exit.o(.text)
    Long Thumb to Thumb Veneer to Clock_Config 0x000004ed   Thumb Code    10  anon$$obj.o(Veneer$$Code)
    CANInit                                  0x000004f9   Thumb Code   448  drvcan.o(i.CANInit)
    CANRecData                               0x000006e1   Thumb Code   118  drvcan.o(i.CANRecData)
    CANSendData                              0x00000765   Thumb Code   402  drvcan.o(i.CANSendData)
    GPIO_enable_port                         0x00000905   Thumb Code    30  drvgpio.o(i.GPIO_enable_port)
    PINS_GPIO_WritePin                       0x0000092d   Thumb Code    48  drvgpio.o(i.PINS_GPIO_WritePin)
    SystemInit                               0x0000095d   Thumb Code    48  system_s32k144.o(i.SystemInit)
    init_data_bss                            0x0000099d   Thumb Code    68  startup.o(i.init_data_bss)
    main                                     0x000009f1   Thumb Code   202  main.o(i.main)
    _fp_init                                 0x00000af5   Thumb Code    10  fpinit.o(x$fpl$fpinit)
    __fplib_config_fpu_vfp                   0x00000afd   Thumb Code     0  fpinit.o(x$fpl$fpinit)
    __fplib_config_pureend_doubles           0x00000afd   Thumb Code     0  fpinit.o(x$fpl$fpinit)
    Region$$Table$$Base                      0x00000b04   Number         0  anon$$obj.o(Region$$Table)
    Region$$Table$$Limit                     0x00000b24   Number         0  anon$$obj.o(Region$$Table)
    CANTXdata0                               0x1fff8000   Data           8  main.o(.data)
    Image$$RW_m_data$$Base                   0x1fff8000   Number         0  anon$$obj.o ABSOLUTE
    CANTXdata1                               0x1fff8008   Data           8  main.o(.data)
    CANTXdata2                               0x1fff8010   Data           8  main.o(.data)
    RXData0                                  0x1fff8018   Data           8  main.o(.data)
    RXData1                                  0x1fff8020   Data           8  main.o(.data)
    RXData2                                  0x1fff8028   Data           8  main.o(.data)
    ID1                                      0x1fff8030   Data           4  main.o(.data)
    ID2                                      0x1fff8034   Data           4  main.o(.data)
    ID0                                      0x1fff8038   Data           4  main.o(.data)
    Datalen0                                 0x1fff803c   Data           1  main.o(.data)
    Datalen1                                 0x1fff803d   Data           1  main.o(.data)
    Datalen2                                 0x1fff803e   Data           1  main.o(.data)
    flag0                                    0x1fff803f   Data           1  main.o(.data)
    flag1                                    0x1fff8040   Data           1  main.o(.data)
    flag2                                    0x1fff8041   Data           1  main.o(.data)
    ADC_CH                                   0x1fff8042   Data          12  main.o(.data)
    Image$$ARM_LIB_HEAP$$ZI$$Base            0x1fff8050   Number         0  anon$$obj.o ABSOLUTE
    Image$$ARM_LIB_HEAP$$ZI$$Limit           0x1fff8450   Number         0  anon$$obj.o ABSOLUTE
    Clock_Config                             0x20004001   Thumb Code    16  drvflash.o(i.Clock_Config)
    NormalRUNmode_80MHz                      0x20004011   Thumb Code    22  drvflash.o(i.NormalRUNmode_80MHz)
    SOSC_init_8MHz                           0x20004031   Thumb Code    58  drvflash.o(i.SOSC_init_8MHz)
    SPLL_init_160MHz                         0x20004075   Thumb Code    70  drvflash.o(i.SPLL_init_160MHz)
    Image$$ARM_LIB_STACK$$ZI$$Limit          0x20007000   Number         0  anon$$obj.o ABSOLUTE



==============================================================================

Memory Map of the image

  Image Entry point : 0x00000411

  Load Region LR_m_text (Base: 0x00000410, Size: 0x00000824, Max: 0x0007fbf0, ABSOLUTE)

    Execution Region ER_m_text (Exec base: 0x00000410, Load base: 0x00000410, Size: 0x00000714, Max: 0x0007fbf0, ABSOLUTE)

    Exec Addr    Load Addr    Size         Type   Attr      Idx    E Section Name        Object

    0x00000410   0x00000410   0x00000008   Code   RO          359  * !!!main             c_w.l(__main.o)
    0x00000418   0x00000418   0x00000034   Code   RO          527    !!!scatter          c_w.l(__scatter.o)
    0x0000044c   0x0000044c   0x0000001a   Code   RO          529    !!handler_copy      c_w.l(__scatter_copy.o)
    0x00000466   0x00000466   0x00000002   Code   RO          391    .ARM.Collect$$libinit$$00000000  c_w.l(libinit.o)
    0x00000468   0x00000468   0x00000004   Code   RO          399    .ARM.Collect$$libinit$$00000001  c_w.l(libinit2.o)
    0x0000046c   0x0000046c   0x00000000   Code   RO          402    .ARM.Collect$$libinit$$00000004  c_w.l(libinit2.o)
    0x0000046c   0x0000046c   0x00000000   Code   RO          405    .ARM.Collect$$libinit$$0000000A  c_w.l(libinit2.o)
    0x0000046c   0x0000046c   0x00000000   Code   RO          407    .ARM.Collect$$libinit$$0000000C  c_w.l(libinit2.o)
    0x0000046c   0x0000046c   0x00000000   Code   RO          409    .ARM.Collect$$libinit$$0000000E  c_w.l(libinit2.o)
    0x0000046c   0x0000046c   0x00000000   Code   RO          412    .ARM.Collect$$libinit$$00000011  c_w.l(libinit2.o)
    0x0000046c   0x0000046c   0x00000000   Code   RO          414    .ARM.Collect$$libinit$$00000013  c_w.l(libinit2.o)
    0x0000046c   0x0000046c   0x00000000   Code   RO          416    .ARM.Collect$$libinit$$00000015  c_w.l(libinit2.o)
    0x0000046c   0x0000046c   0x00000000   Code   RO          418    .ARM.Collect$$libinit$$00000017  c_w.l(libinit2.o)
    0x0000046c   0x0000046c   0x00000000   Code   RO          420    .ARM.Collect$$libinit$$00000019  c_w.l(libinit2.o)
    0x0000046c   0x0000046c   0x00000000   Code   RO          422    .ARM.Collect$$libinit$$0000001B  c_w.l(libinit2.o)
    0x0000046c   0x0000046c   0x00000000   Code   RO          424    .ARM.Collect$$libinit$$0000001D  c_w.l(libinit2.o)
    0x0000046c   0x0000046c   0x00000000   Code   RO          426    .ARM.Collect$$libinit$$0000001F  c_w.l(libinit2.o)
    0x0000046c   0x0000046c   0x00000000   Code   RO          428    .ARM.Collect$$libinit$$00000021  c_w.l(libinit2.o)
    0x0000046c   0x0000046c   0x00000000   Code   RO          430    .ARM.Collect$$libinit$$00000023  c_w.l(libinit2.o)
    0x0000046c   0x0000046c   0x00000000   Code   RO          432    .ARM.Collect$$libinit$$00000025  c_w.l(libinit2.o)
    0x0000046c   0x0000046c   0x00000000   Code   RO          436    .ARM.Collect$$libinit$$0000002C  c_w.l(libinit2.o)
    0x0000046c   0x0000046c   0x00000000   Code   RO          438    .ARM.Collect$$libinit$$0000002E  c_w.l(libinit2.o)
    0x0000046c   0x0000046c   0x00000000   Code   RO          440    .ARM.Collect$$libinit$$00000030  c_w.l(libinit2.o)
    0x0000046c   0x0000046c   0x00000000   Code   RO          442    .ARM.Collect$$libinit$$00000032  c_w.l(libinit2.o)
    0x0000046c   0x0000046c   0x00000002   Code   RO          443    .ARM.Collect$$libinit$$00000033  c_w.l(libinit2.o)
    0x0000046e   0x0000046e   0x00000002   Code   RO          470    .ARM.Collect$$libshutdown$$00000000  c_w.l(libshutdown.o)
    0x00000470   0x00000470   0x00000000   Code   RO          480    .ARM.Collect$$libshutdown$$00000002  c_w.l(libshutdown2.o)
    0x00000470   0x00000470   0x00000000   Code   RO          482    .ARM.Collect$$libshutdown$$00000004  c_w.l(libshutdown2.o)
    0x00000470   0x00000470   0x00000000   Code   RO          485    .ARM.Collect$$libshutdown$$00000007  c_w.l(libshutdown2.o)
    0x00000470   0x00000470   0x00000000   Code   RO          488    .ARM.Collect$$libshutdown$$0000000A  c_w.l(libshutdown2.o)
    0x00000470   0x00000470   0x00000000   Code   RO          490    .ARM.Collect$$libshutdown$$0000000C  c_w.l(libshutdown2.o)
    0x00000470   0x00000470   0x00000000   Code   RO          493    .ARM.Collect$$libshutdown$$0000000F  c_w.l(libshutdown2.o)
    0x00000470   0x00000470   0x00000002   Code   RO          494    .ARM.Collect$$libshutdown$$00000010  c_w.l(libshutdown2.o)
    0x00000472   0x00000472   0x00000000   Code   RO          361    .ARM.Collect$$rtentry$$00000000  c_w.l(__rtentry.o)
    0x00000472   0x00000472   0x00000000   Code   RO          363    .ARM.Collect$$rtentry$$00000002  c_w.l(__rtentry2.o)
    0x00000472   0x00000472   0x00000004   Code   RO          377    .ARM.Collect$$rtentry$$00000007  c_w.l(__rtentry7.o)
    0x00000476   0x00000476   0x00000000   Code   RO          365    .ARM.Collect$$rtentry$$00000009  c_w.l(__rtentry2.o)
    0x00000476   0x00000476   0x00000004   Code   RO          366    .ARM.Collect$$rtentry$$0000000A  c_w.l(__rtentry2.o)
    0x0000047a   0x0000047a   0x00000000   Code   RO          368    .ARM.Collect$$rtentry$$0000000C  c_w.l(__rtentry2.o)
    0x0000047a   0x0000047a   0x00000008   Code   RO          369    .ARM.Collect$$rtentry$$0000000D  c_w.l(__rtentry2.o)
    0x00000482   0x00000482   0x00000002   PAD
    0x00000484   0x00000484   0x00000004   Code   RO          378    .ARM.Collect$$rtentry$$00002718  c_w.l(__rtentry7.o)
    0x00000488   0x00000488   0x00000002   Code   RO          397    .ARM.Collect$$rtexit$$00000000  c_w.l(rtexit.o)
    0x0000048a   0x0000048a   0x00000000   Code   RO          452    .ARM.Collect$$rtexit$$00000002  c_w.l(rtexit2.o)
    0x0000048a   0x0000048a   0x00000004   Code   RO          453    .ARM.Collect$$rtexit$$00000003  c_w.l(rtexit2.o)
    0x0000048e   0x0000048e   0x00000006   Code   RO          454    .ARM.Collect$$rtexit$$00000004  c_w.l(rtexit2.o)
    0x00000494   0x00000494   0x00000038   Code   RO          316    .text               startup_s32k144.o
    0x000004cc   0x000004cc   0x00000012   Code   RO          384    .text               c_w.l(exit.o)
    0x000004de   0x000004de   0x00000002   Code   RO          448    .text               c_w.l(use_no_semi.o)
    0x000004e0   0x000004e0   0x00000000   Code   RO          450    .text               c_w.l(indicate_semi.o)
    0x000004e0   0x000004e0   0x0000000c   Code   RO          462    .text               c_w.l(sys_exit.o)
    0x000004ec   0x000004ec   0x0000000a   Ven    RO          531    Veneer$$Code        anon$$obj.o
    0x000004f6   0x000004f6   0x00000002   PAD
    0x000004f8   0x000004f8   0x000001e8   Code   RO            7    i.CANInit           drvcan.o
    0x000006e0   0x000006e0   0x00000084   Code   RO            8    i.CANRecData        drvcan.o
    0x00000764   0x00000764   0x000001a0   Code   RO            9    i.CANSendData       drvcan.o
    0x00000904   0x00000904   0x00000028   Code   RO          160    i.GPIO_enable_port  drvgpio.o
    0x0000092c   0x0000092c   0x00000030   Code   RO          163    i.PINS_GPIO_WritePin  drvgpio.o
    0x0000095c   0x0000095c   0x00000040   Code   RO          324    i.SystemInit        system_s32k144.o
    0x0000099c   0x0000099c   0x00000054   Code   RO          288    i.init_data_bss     startup.o
    0x000009f0   0x000009f0   0x00000104   Code   RO          226    i.main              main.o
    0x00000af4   0x00000af4   0x0000000a   Code   RO          460    x$fpl$fpinit        fz_wm.l(fpinit.o)
    0x00000afe   0x00000afe   0x00000002   PAD
    0x00000b00   0x00000b00   0x00000004   Data   RO          289    .constdata          startup.o
    0x00000b04   0x00000b04   0x00000020   Data   RO          525    Region$$Table       anon$$obj.o


    Execution Region RW_m_data (Exec base: 0x1fff8000, Load base: 0x00000be4, Size: 0x00000050, Max: 0x00008000, ABSOLUTE)

    Exec Addr    Load Addr    Size         Type   Attr      Idx    E Section Name        Object

    0x1fff8000   0x00000be4   0x0000004e   Data   RW          227    .data               main.o


    Execution Region ARM_LIB_HEAP (Exec base: 0x1fff8050, Load base: 0x00000c34, Size: 0x00000400, Max: 0x00000400, ABSOLUTE)

    Exec Addr    Load Addr    Size         Type   Attr      Idx    E Section Name        Object

    0x1fff8050        -       0x00000400   Zero   RW            1    ARM_LIB_HEAP.bss    anon$$obj.o


    Execution Region RW_m_data_2 (Exec base: 0x20000000, Load base: 0x00000c34, Size: 0x00000000, Max: 0x00006800, ABSOLUTE)

    **** No section assigned to this execution region ****


    Execution Region ER_IRAM1 (Exec base: 0x20004000, Load base: 0x00000b24, Size: 0x000000c0, Max: 0x00003000, ABSOLUTE)

    Exec Addr    Load Addr    Size         Type   Attr      Idx    E Section Name        Object

    0x20004000   0x00000b24   0x00000010   Code   RO           75    i.Clock_Config      drvflash.o
    0x20004010   0x00000b34   0x00000020   Code   RO           82    i.NormalRUNmode_80MHz  drvflash.o
    0x20004030   0x00000b54   0x00000044   Code   RO           83    i.SOSC_init_8MHz    drvflash.o
    0x20004074   0x00000b98   0x0000004c   Code   RO           84    i.SPLL_init_160MHz  drvflash.o


    Execution Region ARM_LIB_STACK (Exec base: 0x20006c00, Load base: 0x00000c34, Size: 0x00000400, Max: 0x00000400, ABSOLUTE)

    Exec Addr    Load Addr    Size         Type   Attr      Idx    E Section Name        Object

    0x20006c00        -       0x00000400   Zero   RW            2    ARM_LIB_STACK.bss   anon$$obj.o



  Load Region LR_m_interrupts (Base: 0x00000000, Size: 0x00000400, Max: 0x00000400, ABSOLUTE)

    Execution Region VECTOR_RAM (Exec base: 0x00000000, Load base: 0x00000000, Size: 0x00000000, Max: 0x00000000, ABSOLUTE)

    Exec Addr    Load Addr    Size         Type   Attr      Idx    E Section Name        Object

    0x00000000        -       0x00000000   Zero   RW            3    VECTOR_RAM.bss      anon$$obj.o


    Execution Region VECTOR_ROM (Exec base: 0x00000000, Load base: 0x00000000, Size: 0x00000400, Max: 0x00000400, ABSOLUTE)

    Exec Addr    Load Addr    Size         Type   Attr      Idx    E Section Name        Object

    0x00000000   0x00000000   0x00000400   Data   RO          314    RESET               startup_s32k144.o



  Load Region LR_m_flash_config (Base: 0x00000400, Size: 0x00000010, Max: 0x00000010, ABSOLUTE)

    Execution Region ER_m_flash_config (Exec base: 0x00000400, Load base: 0x00000400, Size: 0x00000010, Max: 0x00000010, ABSOLUTE)

    Exec Addr    Load Addr    Size         Type   Attr      Idx    E Section Name        Object

    0x00000400   0x00000400   0x00000010   Data   RO          315    FlashConfig         startup_s32k144.o


==============================================================================

Image component sizes


      Code (inc. data)   RO Data    RW Data    ZI Data      Debug   Object Name

      1036         68          0          0          0     441041   drvcan.o
       192         26          0          0          0       1937   drvflash.o
        88         10          0          0          0       1856   drvgpio.o
       260         58          0         78          0       1802   main.o
        84         16          4          0          0       1685   startup.o
        56         18       1040          0          0        864   startup_s32k144.o
        64         16          0          0          0        525   system_s32k144.o

    ----------------------------------------------------------------------
      1792        212       1076         80       2048     449710   Object Totals
        10          0         32          0       2048          0   (incl. Generated)
         2          0          0          2          0          0   (incl. Padding)

    ----------------------------------------------------------------------

      Code (inc. data)   RO Data    RW Data    ZI Data      Debug   Library Member Name

         8          0          0          0          0         68   __main.o
         0          0          0          0          0          0   __rtentry.o
        12          0          0          0          0          0   __rtentry2.o
         8          4          0          0          0          0   __rtentry7.o
        52          8          0          0          0          0   __scatter.o
        26          0          0          0          0          0   __scatter_copy.o
        18          0          0          0          0         80   exit.o
         0          0          0          0          0          0   indicate_semi.o
         2          0          0          0          0          0   libinit.o
         6          0          0          0          0          0   libinit2.o
         2          0          0          0          0          0   libshutdown.o
         2          0          0          0          0          0   libshutdown2.o
         2          0          0          0          0          0   rtexit.o
        10          0          0          0          0          0   rtexit2.o
        12          4          0          0          0         68   sys_exit.o
         2          0          0          0          0         68   use_no_semi.o
        10          0          0          0          0        116   fpinit.o

    ----------------------------------------------------------------------
       176         16          0          0          0        400   Library Totals
         4          0          0          0          0          0   (incl. Padding)

    ----------------------------------------------------------------------

      Code (inc. data)   RO Data    RW Data    ZI Data      Debug   Library Name

       162         16          0          0          0        284   c_w.l
        10          0          0          0          0        116   fz_wm.l

    ----------------------------------------------------------------------
       176         16          0          0          0        400   Library Totals

    ----------------------------------------------------------------------

==============================================================================


      Code (inc. data)   RO Data    RW Data    ZI Data      Debug   

      1968        228       1076         80       2048     449142   Grand Totals
      1968        228       1076         80       2048     449142   ELF Image Totals
      1968        228       1076         80          0          0   ROM Totals

==============================================================================

    Total RO  Size (Code + RO Data)                 3044 (   2.97kB)
    Total RW  Size (RW Data + ZI Data)              2128 (   2.08kB)
    Total ROM Size (Code + RO Data + RW Data)       3124 (   3.05kB)

==============================================================================

